2026-05-27 17:37:26,806 - INFO - Logging is configured. Log file: logs/amazon_api_20260527_173726.log
2026-05-27 17:37:26,806 - INFO - All CSV files initialized.
2026-05-27 17:37:26,806 - INFO - Starting product data check...
2026-05-27 17:37:31,064 - INFO - Saved to product_data: boAt Nirvana Zenith Pro (2025) at 3199.0 INR, Rating: 3.9, Reviews: 1533
2026-05-27 17:37:31,091 - INFO - Saved to product_details: Boat Nirvana Zenith Pro, 50dB Hybrid Adaptive ANC, Spatial Audio, Hi-Res Audio LDAC, 6Mics AI-ENx, 80 Hrs Battery, Bluetooth Earbuds, TWS Ear Buds Wireless Earphones with mic (Platinum Gold)
2026-05-27 17:37:31,094 - INFO - Saved 0 new reviews for ASIN B0DXPL5XHF.
2026-05-27 17:37:35,355 - INFO - Saved to product_data: Noise Air Clips Wireless Open Ear Earbuds with Chrome Finish at 2499.0 INR, Rating: 3.3, Reviews: 3521
2026-05-27 17:37:35,381 - INFO - Saved to product_details: Noise Air Clips Wireless Open Ear Earbuds with Chrome Finish, AirWave™ Technology,Up-to 40H Playtime, Dual Device Pairing, Quad Mic with ENC,12mm Driver,BTv5.4 (Pearl Black)
2026-05-27 17:37:35,384 - INFO - Saved 1 new reviews for ASIN B0DGV56J6G.
2026-05-27 17:37:40,098 - INFO - Saved to product_data: boAt Nirvana Ion ANC Pro at None INR, Rating: 4.2, Reviews: 467
2026-05-27 17:37:40,124 - INFO - Saved to product_details: Boat Nirvana Ion ANC Pro, Hi-Res Audio LDAC,ANC(~32dB), 120Hrs Battery, App Support, Fast Charge, v5.3 Bluetooth TWS in Ear Earbuds Wireless Earphones with mic (Blazing Comet)
2026-05-27 17:37:40,128 - INFO - Saved 1 new reviews for ASIN 	B0DN171184.
2026-05-27 17:37:55,439 - ERROR - No product data found in API response for ASIN B0DHH96NBB.
2026-05-27 17:37:55,439 - ERROR - No product details found in API response for ASIN B0DHH96NBB.
2026-05-27 17:37:55,439 - INFO - No reviews found for ASIN B0DHH96NBB.
2026-05-27 17:37:59,310 - INFO - Saved to product_data: boAt Nirvana Ivy at 2299.0 INR, Rating: 3.8, Reviews: 1337
2026-05-27 17:37:59,335 - INFO - Saved to product_details: Boat Nirvana Ivy, 50dB Hybrid Active Noise Cancellation, 360º Spatial Audio,Fast Charge,App Support, v5.3 Bluetooth Earbuds, TWS Ear Buds Wireless Earphones with mic (Gunmetal Black)
2026-05-27 17:37:59,339 - INFO - Saved 0 new reviews for ASIN 	B0DBHD2F5R.
2026-05-27 17:38:02,867 - INFO - Saved to product_data: Noise Newly Launched Air Clips 2 at 2499.0 INR, Rating: 2.9, Reviews: 428
2026-05-27 17:38:02,893 - INFO - Saved to product_details: Noise Newly Launched Air Clips 2 Wireless Open Ear Earbuds with Clip Design, AirWave™ Technology,Up-to 40H Playtime, Dual Device Pairing, ENC,12mm Driver,BTv5.3 (Frost Black)
2026-05-27 17:38:02,897 - INFO - Saved 0 new reviews for ASIN 	B0F673HNLP.
2026-05-27 17:38:06,912 - INFO - Saved to product_data: boAt Nirvana X TWS (2025) at 1999.0 INR, Rating: 4.0, Reviews: 483
2026-05-27 17:38:06,939 - INFO - Saved to product_details: Boat Nirvana X TWS,Knowles Dual Drivers, Hi-Res Audio LDAC, App Support,4Mic ENx,Dual Pair,Spatial Audio,Fast Charge, Bluetooth Earbuds, TWS Ear Buds Wireless Earphones with mic (Cosmic Onyx)
2026-05-27 17:38:06,942 - INFO - Saved 0 new reviews for ASIN B0DQKY3R84.
2026-05-27 17:38:15,830 - ERROR - No product data found in API response for ASIN B0DGV55W2K.
2026-05-27 17:38:15,830 - ERROR - No product details found in API response for ASIN B0DGV55W2K.
2026-05-27 17:38:15,830 - INFO - No reviews found for ASIN B0DGV55W2K.
2026-05-27 17:38:21,858 - ERROR - No product data found in API response for ASIN B0DHHDW7FV.
2026-05-27 17:38:21,858 - ERROR - No product details found in API response for ASIN B0DHHDW7FV.
2026-05-27 17:38:21,859 - INFO - No reviews found for ASIN B0DHHDW7FV.
