2026-09-19 11:58:57,338 - INFO - Logging is configured. Log file: logs/amazon_api_20260919_115857.log
2026-09-19 11:58:57,338 - INFO - All CSV files initialized.
2026-09-19 11:58:57,338 - INFO - Starting product data check...
2026-09-19 11:59:12,890 - ERROR - No product data found in API response for ASIN B0DXPL5XHF.
2026-09-19 11:59:12,890 - ERROR - No product details found in API response for ASIN B0DXPL5XHF.
2026-09-19 11:59:12,890 - INFO - No reviews found for ASIN B0DXPL5XHF.
2026-09-19 11:59:18,181 - INFO - Saved to product_data: Noise Air Clips Wireless Open Ear Earbuds with Chrome Finish at 1999.0 INR, Rating: 3.2, Reviews: 3895
2026-09-19 11:59:18,206 - INFO - Saved to product_details: Noise Air Clips Wireless Open Ear Earbuds with Chrome Finish, AirWave™ Technology,Up-to 40H Playtime, Dual Device Pairing, Quad Mic with ENC,12mm Driver,BTv5.4 (Pearl Black)
2026-09-19 11:59:18,210 - INFO - Saved 1 new reviews for ASIN B0DGV56J6G.
2026-09-19 11:59:33,615 - ERROR - No product data found in API response for ASIN 	B0DN171184.
2026-09-19 11:59:33,615 - ERROR - No product details found in API response for ASIN 	B0DN171184.
2026-09-19 11:59:33,615 - INFO - No reviews found for ASIN 	B0DN171184.
2026-09-19 11:59:49,072 - ERROR - No product data found in API response for ASIN B0DHH96NBB.
2026-09-19 11:59:49,072 - ERROR - No product details found in API response for ASIN B0DHH96NBB.
2026-09-19 11:59:49,073 - INFO - No reviews found for ASIN B0DHH96NBB.
2026-09-19 11:59:54,364 - INFO - Saved to product_data: boAt Nirvana Ivy at None INR, Rating: 3.7, Reviews: 1864
2026-09-19 11:59:54,388 - INFO - Saved to product_details: boAt Nirvana Ivy, 50dB Hybrid Active Noise Cancellation, 360º Spatial Audio,Fast Charge,App Support, v5.3 Bluetooth Earbuds, TWS Ear Buds Wireless Earphones with mic (Gunmetal Black)
2026-09-19 11:59:54,392 - INFO - Saved 0 new reviews for ASIN 	B0DBHD2F5R.
2026-09-19 11:59:59,995 - INFO - Saved to product_data: Noise Newly Launched Air Clips 2 at 2999.0 INR, Rating: 2.7, Reviews: 635
2026-09-19 12:00:00,020 - INFO - Saved to product_details: Noise Newly Launched Air Clips 2 Wireless Open Ear Earbuds with Clip Design, AirWave™ Technology,Up-to 40H Playtime, Dual Device Pairing, ENC,12mm Driver,BTv5.3 (Frost Black)
2026-09-19 12:00:00,024 - INFO - Saved 0 new reviews for ASIN 	B0F673HNLP.
2026-09-19 12:00:05,803 - INFO - Saved to product_data: boAt Nirvana X TWS (2025) at 1999.0 INR, Rating: 3.9, Reviews: 768
2026-09-19 12:00:05,828 - INFO - Saved to product_details: boAt Nirvana X TWS,Knowles Dual Drivers, Hi-Res Audio LDAC, App Support,4Mic ENx,Dual Pair,Spatial Audio,Fast Charge, Bluetooth Earbuds, TWS Ear Buds Wireless Earphones with mic (Cosmic Onyx)
2026-09-19 12:00:05,831 - INFO - Saved 2 new reviews for ASIN B0DQKY3R84.
2026-09-19 12:00:13,678 - ERROR - API Error for ASIN B0DGV55W2K: 404 - {"status":"ERROR","request_id":"a1c066e2-aed2-45cd-9db7-7547d492073a","error":{"message":"Product not found","code":404}}
2026-09-19 12:00:13,679 - WARNING - No data found for Noise Newly Launched Air Buds 6 (ASIN: B0DGV55W2K)
2026-09-19 12:00:21,761 - ERROR - API Error for ASIN B0DHHDW7FV: 404 - {"status":"ERROR","request_id":"299d5db1-da7d-40d0-b479-32c8c4cbf517","error":{"message":"Product not found","code":404}}
2026-09-19 12:00:21,761 - WARNING - No data found for Noise Newly Launched Air Buds Pro 6 in Ear Truly Wireless Earbuds with Hybrid ANC (up to 49dB) (ASIN: B0DHHDW7FV)
