2026-07-29 15:59:13,423 - INFO - Logging is configured. Log file: logs/amazon_api_20260729_155913.log
2026-07-29 15:59:13,423 - INFO - All CSV files initialized.
2026-07-29 15:59:13,424 - INFO - Starting product data check...
2026-07-29 15:59:28,560 - ERROR - No product data found in API response for ASIN B0DXPL5XHF.
2026-07-29 15:59:28,560 - ERROR - No product details found in API response for ASIN B0DXPL5XHF.
2026-07-29 15:59:28,560 - INFO - No reviews found for ASIN B0DXPL5XHF.
2026-07-29 15:59:33,878 - INFO - Saved to product_data: Noise Air Clips Wireless Open Ear Earbuds with Chrome Finish at 2599.0 INR, Rating: 3.3, Reviews: 3881
2026-07-29 15:59:33,905 - INFO - Saved to product_details: Noise Air Clips Wireless Open Ear Earbuds with Chrome Finish, AirWave™ Technology,Up-to 40H Playtime, Dual Device Pairing, Quad Mic with ENC,12mm Driver,BTv5.4 (Pearl Black)
2026-07-29 15:59:33,909 - INFO - Saved 0 new reviews for ASIN B0DGV56J6G.
2026-07-29 15:59:35,584 - INFO - Saved to product_data: boAt Nirvana Ion ANC Pro at None INR, Rating: 4.0, Reviews: 513
2026-07-29 15:59:35,613 - INFO - Saved to product_details: boAt Nirvana Ion ANC Pro, Hi-Res Audio LDAC, Active Noise Cancellation(~32dB), 120Hrs Battery, App Support, Fast Charge, v5.3 Bluetooth Earbuds,TWS Ear Buds Wireless Earphones with mic (Blazing Comet)
2026-07-29 15:59:35,613 - INFO - No reviews found for ASIN 	B0DN171184.
2026-07-29 15:59:40,484 - ERROR - No product data found in API response for ASIN B0DHH96NBB.
2026-07-29 15:59:40,484 - ERROR - No product details found in API response for ASIN B0DHH96NBB.
2026-07-29 15:59:40,484 - INFO - No reviews found for ASIN B0DHH96NBB.
2026-07-29 15:59:42,318 - INFO - Saved to product_data: boAt Nirvana Ivy at None INR, Rating: 3.8, Reviews: 1511
2026-07-29 15:59:42,347 - INFO - Saved to product_details: boAt Nirvana Ivy, 50dB Hybrid Active Noise Cancellation, 360º Spatial Audio,Fast Charge,App Support, v5.3 Bluetooth Earbuds, TWS Ear Buds Wireless Earphones with mic (Gunmetal Black)
2026-07-29 15:59:42,347 - INFO - No reviews found for ASIN 	B0DBHD2F5R.
2026-07-29 15:59:47,137 - INFO - Saved to product_data: Noise Newly Launched Air Clips 2 at None INR, Rating: 2.7, Reviews: 566
2026-07-29 15:59:47,166 - INFO - Saved to product_details: Noise Newly Launched Air Clips 2 Wireless Open Ear Earbuds with Clip Design, AirWave™ Technology,Up-to 40H Playtime, Dual Device Pairing, ENC,12mm Driver,BTv5.3 (Frost Black)
2026-07-29 15:59:47,166 - INFO - No reviews found for ASIN 	B0F673HNLP.
2026-07-29 15:59:52,632 - INFO - Saved to product_data: boAt Nirvana X TWS (2025) at 1999.0 INR, Rating: 3.9, Reviews: 662
2026-07-29 15:59:52,661 - INFO - Saved to product_details: boAt Nirvana X TWS,Knowles Dual Drivers, Hi-Res Audio LDAC, App Support,4Mic ENx,Dual Pair,Spatial Audio,Fast Charge, Bluetooth Earbuds, TWS Ear Buds Wireless Earphones with mic (Cosmic Onyx)
2026-07-29 15:59:52,665 - INFO - Saved 2 new reviews for ASIN B0DQKY3R84.
2026-07-29 15:59:57,401 - ERROR - No product data found in API response for ASIN B0DGV55W2K.
2026-07-29 15:59:57,402 - ERROR - No product details found in API response for ASIN B0DGV55W2K.
2026-07-29 15:59:57,402 - INFO - No reviews found for ASIN B0DGV55W2K.
2026-07-29 16:00:05,890 - ERROR - No product data found in API response for ASIN B0DHHDW7FV.
2026-07-29 16:00:05,890 - ERROR - No product details found in API response for ASIN B0DHHDW7FV.
2026-07-29 16:00:05,890 - INFO - No reviews found for ASIN B0DHHDW7FV.
