2026-05-02 08:47:37,166 - INFO - Logging is configured. Log file: logs/amazon_api_20260502_084737.log
2026-05-02 08:47:37,167 - INFO - All CSV files initialized.
2026-05-02 08:47:37,167 - INFO - Starting product data check...
2026-05-02 08:47:41,147 - INFO - Saved to product_data: boAt Nirvana Zenith Pro (2025) at 2999.0 INR, Rating: 3.9, Reviews: 1532
2026-05-02 08:47:41,166 - INFO - Saved to product_details: Boat Nirvana Zenith Pro, 50dB Hybrid Adaptive ANC, Spatial Audio, Hi-Res Audio LDAC, 6Mics AI-ENx, 80 Hrs Battery, Bluetooth Earbuds, TWS Ear Buds Wireless Earphones with mic (Platinum Gold)
2026-05-02 08:47:41,168 - INFO - Saved 1 new reviews for ASIN B0DXPL5XHF.
2026-05-02 08:47:44,991 - INFO - Saved to product_data: Noise Air Clips Wireless Open Ear Earbuds with Chrome Finish at None INR, Rating: 3.3, Reviews: 3396
2026-05-02 08:47:45,010 - INFO - Saved to product_details: Noise Air Clips Wireless Open Ear Earbuds with Chrome Finish, AirWave™ Technology,Up-to 40H Playtime, Dual Device Pairing, Quad Mic with ENC,12mm Driver,BTv5.4 (Pearl Black)
2026-05-02 08:47:45,013 - INFO - Saved 0 new reviews for ASIN B0DGV56J6G.
2026-05-02 08:47:49,428 - INFO - Saved to product_data: boAt Nirvana Ion ANC Pro at None INR, Rating: 4.1, Reviews: 449
2026-05-02 08:47:49,446 - INFO - Saved to product_details: Boat Nirvana Ion ANC Pro, Hi-Res Audio LDAC,ANC(~32dB), 120Hrs Battery, App Support, Fast Charge, v5.3 Bluetooth TWS in Ear Earbuds Wireless Earphones with mic (Blazing Comet)
2026-05-02 08:47:49,449 - INFO - Saved 2 new reviews for ASIN 	B0DN171184.
2026-05-02 08:47:53,077 - INFO - Saved to product_data: Noise Newly Launched Air Buds Pro 6 at None INR, Rating: 3.9, Reviews: 262
2026-05-02 08:47:53,096 - INFO - Saved to product_details: Noise Newly Launched Air Buds Pro 6 in Ear Truly Wireless Earbuds with Hybrid ANC (up to 49dB), LHDC with 12.4mm Titanium Driver, 50H of Playtime, Google Fast Pair, BT v5.3(Slate Black)
2026-05-02 08:47:53,099 - INFO - Saved 0 new reviews for ASIN B0DHH96NBB.
2026-05-02 08:47:57,146 - INFO - Saved to product_data: boAt Nirvana Ivy at 2299.0 INR, Rating: 3.8, Reviews: 1250
2026-05-02 08:47:57,164 - INFO - Saved to product_details: Boat Nirvana Ivy, 50dB Hybrid Active Noise Cancellation, 360º Spatial Audio,Fast Charge,App Support, v5.3 Bluetooth Earbuds, TWS Ear Buds Wireless Earphones with mic (Gunmetal Black)
2026-05-02 08:47:57,167 - INFO - Saved 4 new reviews for ASIN 	B0DBHD2F5R.
2026-05-02 08:48:00,825 - INFO - Saved to product_data: Noise Newly Launched Air Clips 2 at 1999.0 INR, Rating: 3.0, Reviews: 424
2026-05-02 08:48:00,844 - INFO - Saved to product_details: Noise Newly Launched Air Clips 2 Wireless Open Ear Earbuds with Clip Design, AirWave™ Technology,Up-to 40H Playtime, Dual Device Pairing, ENC,12mm Driver,BTv5.3 (Frost Black)
2026-05-02 08:48:00,846 - INFO - Saved 1 new reviews for ASIN 	B0F673HNLP.
2026-05-02 08:48:04,927 - INFO - Saved to product_data: boAt Nirvana X TWS (2025) at 1999.0 INR, Rating: 4.0, Reviews: 428
2026-05-02 08:48:04,946 - INFO - Saved to product_details: Boat Nirvana X TWS,Knowles Dual Drivers, Hi-Res Audio LDAC, App Support,4Mic ENx,Dual Pair,Spatial Audio,Fast Charge, Bluetooth Earbuds, TWS Ear Buds Wireless Earphones with mic (Cosmic Onyx)
2026-05-02 08:48:04,948 - INFO - Saved 1 new reviews for ASIN B0DQKY3R84.
2026-05-02 08:48:09,434 - INFO - Saved to product_data: Noise Newly Launched Air Buds 6 at None INR, Rating: 3.9, Reviews: 3738
2026-05-02 08:48:09,453 - INFO - Saved to product_details: Noise Newly Launched Air Buds 6 in-Ear Bluetooth TWS - AI Enabled Smartbuds, ANC (up to 32db), Personalised App, in-Ear Detection, Voice Control, Google Fast Pair, BT v5.3(Pebble Grey)
2026-05-02 08:48:09,456 - INFO - Saved 0 new reviews for ASIN B0DGV55W2K.
2026-05-02 08:48:13,637 - INFO - Saved to product_data: Noise Newly Launched Air Buds Pro 6 in Ear Truly Wireless Earbuds with Hybrid ANC (up to 49dB) at None INR, Rating: 3.9, Reviews: 262
2026-05-02 08:48:13,656 - INFO - Saved to product_details: Noise Newly Launched Air Buds Pro 6 in Ear Truly Wireless Earbuds with Hybrid ANC (up to 49dB), LHDC with 12.4mm Titanium Driver, 50H of Playtime, Google Fast Pair, BT v5.3(Petal Pink)
2026-05-02 08:48:13,659 - INFO - Saved 0 new reviews for ASIN B0DHHDW7FV.
