2026-04-22 15:46:06,394 - INFO - Logging is configured. Log file: logs/amazon_api_20260422_154606.log
2026-04-22 15:46:06,395 - INFO - All CSV files initialized.
2026-04-22 15:46:06,395 - INFO - Starting product data check...
2026-04-22 15:46:10,537 - INFO - Saved to product_data: boAt Nirvana Zenith Pro (2025) at 2999.0 INR, Rating: 3.9, Reviews: 1470
2026-04-22 15:46:10,560 - INFO - Saved to product_details: Boat Nirvana Zenith Pro, 50dB Hybrid Adaptive ANC, Spatial Audio, Hi-Res Audio LDAC, 6Mics AI-ENx, 80 Hrs Battery, Bluetooth Earbuds, TWS Ear Buds Wireless Earphones with mic (Platinum Gold)
2026-04-22 15:46:10,563 - INFO - Saved 1 new reviews for ASIN B0DXPL5XHF.
2026-04-22 15:46:14,076 - INFO - Saved to product_data: Noise Air Clips Wireless Open Ear Earbuds with Chrome Finish at 2499.0 INR, Rating: 3.3, Reviews: 3299
2026-04-22 15:46:14,098 - INFO - Saved to product_details: Noise Air Clips Wireless Open Ear Earbuds with Chrome Finish, AirWave™ Technology,Up-to 40H Playtime, Dual Device Pairing, Quad Mic with ENC,12mm Driver,BTv5.4 (Pearl Black)
2026-04-22 15:46:14,101 - INFO - Saved 0 new reviews for ASIN B0DGV56J6G.
2026-04-22 15:46:18,698 - INFO - Saved to product_data: boAt Nirvana Ion ANC Pro at 1999.0 INR, Rating: 4.1, Reviews: 432
2026-04-22 15:46:18,720 - INFO - Saved to product_details: Boat Nirvana Ion ANC Pro, Hi-Res Audio LDAC,ANC(~32dB), 120Hrs Battery, App Support, Fast Charge, v5.3 Bluetooth TWS in Ear Earbuds Wireless Earphones with mic (Blazing Comet)
2026-04-22 15:46:18,723 - INFO - Saved 0 new reviews for ASIN 	B0DN171184.
2026-04-22 15:46:22,246 - INFO - Saved to product_data: Noise Newly Launched Air Buds Pro 6 at None INR, Rating: 3.9, Reviews: 261
2026-04-22 15:46:22,269 - INFO - Saved to product_details: Noise Newly Launched Air Buds Pro 6 in Ear Truly Wireless Earbuds with Hybrid ANC (up to 49dB), LHDC with 12.4mm Titanium Driver, 50H of Playtime, Google Fast Pair, BT v5.3(Slate Black)
2026-04-22 15:46:22,272 - INFO - Saved 0 new reviews for ASIN B0DHH96NBB.
2026-04-22 15:46:25,896 - INFO - Saved to product_data: boAt Nirvana Ivy at 1799.0 INR, Rating: 3.7, Reviews: 1168
2026-04-22 15:46:25,919 - INFO - Saved to product_details: Boat Nirvana Ivy, 50dB Hybrid Active Noise Cancellation, 360º Spatial Audio,Fast Charge,App Support, v5.3 Bluetooth Earbuds, TWS Ear Buds Wireless Earphones with mic (Gunmetal Black)
2026-04-22 15:46:25,922 - INFO - Saved 1 new reviews for ASIN 	B0DBHD2F5R.
2026-04-22 15:46:30,286 - INFO - Saved to product_data: Noise Newly Launched Air Clips 2 at 2499.0 INR, Rating: 3.0, Reviews: 406
2026-04-22 15:46:30,308 - INFO - Saved to product_details: Noise Newly Launched Air Clips 2 Wireless Open Ear Earbuds with Clip Design, AirWave™ Technology,Up-to 40H Playtime, Dual Device Pairing, ENC,12mm Driver,BTv5.3 (Frost Black)
2026-04-22 15:46:30,311 - INFO - Saved 2 new reviews for ASIN 	B0F673HNLP.
2026-04-22 15:46:33,570 - INFO - Saved to product_data: boAt Nirvana X TWS (2025) at 1449.0 INR, Rating: 3.8, Reviews: 390
2026-04-22 15:46:33,593 - INFO - Saved to product_details: Boat Nirvana X TWS,Knowles Dual Drivers, Hi-Res Audio LDAC, App Support,4Mic ENx,Dual Pair,Spatial Audio,Fast Charge, Bluetooth Earbuds, TWS Ear Buds Wireless Earphones with mic (Cosmic Onyx)
2026-04-22 15:46:33,596 - INFO - Saved 1 new reviews for ASIN B0DQKY3R84.
2026-04-22 15:46:37,891 - INFO - Saved to product_data: Noise Newly Launched Air Buds 6 at None INR, Rating: 3.9, Reviews: 3711
2026-04-22 15:46:37,913 - INFO - Saved to product_details: Noise Newly Launched Air Buds 6 in-Ear Bluetooth TWS - AI Enabled Smartbuds, ANC (up to 32db), Personalised App, in-Ear Detection, Voice Control, Google Fast Pair, BT v5.3(Pebble Grey)
2026-04-22 15:46:37,916 - INFO - Saved 1 new reviews for ASIN B0DGV55W2K.
2026-04-22 15:46:42,686 - INFO - Saved to product_data: Noise Newly Launched Air Buds Pro 6 in Ear Truly Wireless Earbuds with Hybrid ANC (up to 49dB) at None INR, Rating: 3.9, Reviews: 261
2026-04-22 15:46:42,709 - INFO - Saved to product_details: Noise Newly Launched Air Buds Pro 6 in Ear Truly Wireless Earbuds with Hybrid ANC (up to 49dB), LHDC with 12.4mm Titanium Driver, 50H of Playtime, Google Fast Pair, BT v5.3(Petal Pink)
2026-04-22 15:46:42,712 - INFO - Saved 0 new reviews for ASIN B0DHHDW7FV.
