2026-04-11 08:01:35,201 - INFO - Logging is configured. Log file: logs/amazon_api_20260411_080135.log
2026-04-11 08:01:35,201 - INFO - All CSV files initialized.
2026-04-11 08:01:35,201 - INFO - Starting product data check...
2026-04-11 08:01:38,877 - INFO - Saved to product_data: boAt Nirvana Zenith Pro (2025) at 2799.0 INR, Rating: 3.9, Reviews: 1440
2026-04-11 08:01:38,897 - INFO - Saved to product_details: Boat Nirvana Zenith Pro, 50dB Hybrid Adaptive ANC, Spatial Audio, Hi-Res Audio LDAC, 6Mics AI-ENx, 80 Hrs Battery, Bluetooth Earbuds, TWS Ear Buds Wireless Earphones with mic (Platinum Gold)
2026-04-11 08:01:38,900 - INFO - Saved 1 new reviews for ASIN B0DXPL5XHF.
2026-04-11 08:01:42,674 - INFO - Saved to product_data: Noise Air Clips Wireless Open Ear Earbuds with Chrome Finish at 1999.0 INR, Rating: 3.3, Reviews: 3267
2026-04-11 08:01:42,693 - INFO - Saved to product_details: Noise Air Clips Wireless Open Ear Earbuds with Chrome Finish, AirWave™ Technology,Up-to 40H Playtime, Dual Device Pairing, Quad Mic with ENC,12mm Driver,BTv5.4 (Pearl Black)
2026-04-11 08:01:42,696 - INFO - Saved 0 new reviews for ASIN B0DGV56J6G.
2026-04-11 08:01:46,257 - INFO - Saved to product_data: boAt Nirvana Ion ANC Pro at None INR, Rating: 4.1, Reviews: 429
2026-04-11 08:01:46,276 - INFO - Saved to product_details: Boat Nirvana Ion ANC Pro, Hi-Res Audio LDAC,ANC(~32dB), 120Hrs Battery, App Support, Fast Charge, v5.3 Bluetooth TWS in Ear Earbuds Wireless Earphones with mic (Blazing Comet)
2026-04-11 08:01:46,279 - INFO - Saved 0 new reviews for ASIN 	B0DN171184.
2026-04-11 08:01:49,738 - INFO - Saved to product_data: Noise Newly Launched Air Buds Pro 6 at None INR, Rating: 3.9, Reviews: 261
2026-04-11 08:01:49,757 - INFO - Saved to product_details: Noise Newly Launched Air Buds Pro 6 in Ear Truly Wireless Earbuds with Hybrid ANC (up to 49dB), LHDC with 12.4mm Titanium Driver, 50H of Playtime, Google Fast Pair, BT v5.3(Slate Black)
2026-04-11 08:01:49,760 - INFO - Saved 0 new reviews for ASIN B0DHH96NBB.
2026-04-11 08:01:53,466 - INFO - Saved to product_data: boAt Nirvana Ivy at 1999.0 INR, Rating: 3.8, Reviews: 1144
2026-04-11 08:01:53,486 - INFO - Saved to product_details: Boat Nirvana Ivy, 50dB Hybrid Active Noise Cancellation, 360º Spatial Audio,Fast Charge,App Support, v5.3 Bluetooth Earbuds, TWS Ear Buds Wireless Earphones with mic (Gunmetal White)
2026-04-11 08:01:53,489 - INFO - Saved 1 new reviews for ASIN 	B0DBHD2F5R.
2026-04-11 08:01:57,410 - INFO - Saved to product_data: Noise Newly Launched Air Clips 2 at 2499.0 INR, Rating: 3.0, Reviews: 397
2026-04-11 08:01:57,430 - INFO - Saved to product_details: Noise Newly Launched Air Clips 2 Wireless Open Ear Earbuds with Clip Design, AirWave™ Technology,Up-to 40H Playtime, Dual Device Pairing, ENC,12mm Driver,BTv5.3 (Frost Black)
2026-04-11 08:01:57,433 - INFO - Saved 0 new reviews for ASIN 	B0F673HNLP.
2026-04-11 08:02:01,191 - INFO - Saved to product_data: boAt Nirvana X TWS (2025) at 1499.0 INR, Rating: 3.8, Reviews: 379
2026-04-11 08:02:01,211 - INFO - Saved to product_details: Boat Nirvana X TWS,Knowles Dual Drivers, Hi-Res Audio LDAC, App Support,4Mic ENx,Dual Pair,Spatial Audio,Fast Charge, Bluetooth Earbuds, TWS Ear Buds Wireless Earphones with mic (Cosmic Onyx)
2026-04-11 08:02:01,214 - INFO - Saved 0 new reviews for ASIN B0DQKY3R84.
2026-04-11 08:02:04,918 - INFO - Saved to product_data: Noise Newly Launched Air Buds 6 at None INR, Rating: 3.9, Reviews: 3696
2026-04-11 08:02:04,943 - INFO - Saved to product_details: Noise Newly Launched Air Buds 6 in-Ear Bluetooth TWS - AI Enabled Smartbuds, ANC (up to 32db), Personalised App, in-Ear Detection, Voice Control, Google Fast Pair, BT v5.3(Pebble Grey)
2026-04-11 08:02:04,946 - INFO - Saved 0 new reviews for ASIN B0DGV55W2K.
2026-04-11 08:02:08,811 - INFO - Saved to product_data: Noise Newly Launched Air Buds Pro 6 in Ear Truly Wireless Earbuds with Hybrid ANC (up to 49dB) at None INR, Rating: 3.9, Reviews: 261
2026-04-11 08:02:08,831 - INFO - Saved to product_details: Noise Newly Launched Air Buds Pro 6 in Ear Truly Wireless Earbuds with Hybrid ANC (up to 49dB), LHDC with 12.4mm Titanium Driver, 50H of Playtime, Google Fast Pair, BT v5.3(Petal Pink)
2026-04-11 08:02:08,834 - INFO - Saved 0 new reviews for ASIN B0DHHDW7FV.
