2026-07-22 15:55:04,007 - INFO - Logging is configured. Log file: logs/amazon_api_20260722_155504.log
2026-07-22 15:55:04,007 - INFO - All CSV files initialized.
2026-07-22 15:55:04,007 - INFO - Starting product data check...
2026-07-22 15:55:08,069 - INFO - Saved to product_data: boAt Nirvana Zenith Pro (2025) at 3199.0 INR, Rating: 3.9, Reviews: 1730
2026-07-22 15:55:08,100 - INFO - Saved to product_details: boAt Nirvana Zenith Pro, 50dB Hybrid Adaptive ANC, Spatial Audio, Hi-Res Audio LDAC, 6Mics AI-ENx, 80 Hrs Battery, Bluetooth Earbuds, TWS Ear Buds Wireless Earphones with mic (Platinum Gold)
2026-07-22 15:55:08,104 - INFO - Saved 2 new reviews for ASIN B0DXPL5XHF.
2026-07-22 15:55:12,108 - INFO - Saved to product_data: Noise Air Clips Wireless Open Ear Earbuds with Chrome Finish at 2299.0 INR, Rating: 3.3, Reviews: 3896
2026-07-22 15:55:12,139 - INFO - Saved to product_details: Noise Air Clips Wireless Open Ear Earbuds with Chrome Finish, AirWave™ Technology,Up-to 40H Playtime, Dual Device Pairing, Quad Mic with ENC,12mm Driver,BTv5.4 (Pearl Black)
2026-07-22 15:55:12,143 - INFO - Saved 4 new reviews for ASIN B0DGV56J6G.
2026-07-22 15:55:15,804 - INFO - Saved to product_data: boAt Nirvana Ion ANC Pro at None INR, Rating: 4.1, Reviews: 513
2026-07-22 15:55:15,834 - INFO - Saved to product_details: boAt Nirvana Ion ANC Pro, Hi-Res Audio LDAC, Active Noise Cancellation(~32dB), 120Hrs Battery, App Support, Fast Charge, v5.3 Bluetooth Earbuds,TWS Ear Buds Wireless Earphones with mic (Blazing Comet)
2026-07-22 15:55:15,835 - INFO - No reviews found for ASIN 	B0DN171184.
2026-07-22 15:55:21,939 - ERROR - No product data found in API response for ASIN B0DHH96NBB.
2026-07-22 15:55:21,939 - ERROR - No product details found in API response for ASIN B0DHH96NBB.
2026-07-22 15:55:21,939 - INFO - No reviews found for ASIN B0DHH96NBB.
2026-07-22 15:55:25,579 - INFO - Saved to product_data: boAt Nirvana Ivy at None INR, Rating: 3.8, Reviews: 1503
2026-07-22 15:55:25,609 - INFO - Saved to product_details: boAt Nirvana Ivy, 50dB Hybrid Active Noise Cancellation, 360º Spatial Audio,Fast Charge,App Support, v5.3 Bluetooth Earbuds, TWS Ear Buds Wireless Earphones with mic (Gunmetal Black)
2026-07-22 15:55:25,610 - INFO - No reviews found for ASIN 	B0DBHD2F5R.
2026-07-22 15:55:28,999 - INFO - Saved to product_data: Noise Newly Launched Air Clips 2 at None INR, Rating: 2.8, Reviews: 559
2026-07-22 15:55:29,029 - INFO - Saved to product_details: Noise Newly Launched Air Clips 2 Wireless Open Ear Earbuds with Clip Design, AirWave™ Technology,Up-to 40H Playtime, Dual Device Pairing, ENC,12mm Driver,BTv5.3 (Frost Black)
2026-07-22 15:55:29,029 - INFO - No reviews found for ASIN 	B0F673HNLP.
2026-07-22 15:55:32,806 - INFO - Saved to product_data: boAt Nirvana X TWS (2025) at 1999.0 INR, Rating: 3.9, Reviews: 643
2026-07-22 15:55:32,837 - INFO - Saved to product_details: boAt Nirvana X TWS,Knowles Dual Drivers, Hi-Res Audio LDAC, App Support,4Mic ENx,Dual Pair,Spatial Audio,Fast Charge, Bluetooth Earbuds, TWS Ear Buds Wireless Earphones with mic (Cosmic Onyx)
2026-07-22 15:55:32,841 - INFO - Saved 4 new reviews for ASIN B0DQKY3R84.
2026-07-22 15:55:37,880 - ERROR - No product data found in API response for ASIN B0DGV55W2K.
2026-07-22 15:55:37,880 - ERROR - No product details found in API response for ASIN B0DGV55W2K.
2026-07-22 15:55:37,880 - INFO - No reviews found for ASIN B0DGV55W2K.
2026-07-22 15:55:43,614 - ERROR - No product data found in API response for ASIN B0DHHDW7FV.
2026-07-22 15:55:43,614 - ERROR - No product details found in API response for ASIN B0DHHDW7FV.
2026-07-22 15:55:43,614 - INFO - No reviews found for ASIN B0DHHDW7FV.
