2026-08-08 08:04:50,170 - INFO - Logging is configured. Log file: logs/amazon_api_20260808_080450.log
2026-08-08 08:04:50,171 - INFO - All CSV files initialized.
2026-08-08 08:04:50,171 - INFO - Starting product data check...
2026-08-08 08:04:50,547 - ERROR - API Error for ASIN B0DXPL5XHF: 429 - {"message":"You have exceeded the MONTHLY quota for Requests on your current plan, BASIC. Upgrade your plan at https:\/\/rapidapi.com\/letscrape-6bRBa3QguO5\/api\/real-time-amazon-data"}
2026-08-08 08:04:50,548 - WARNING - No data found for boAt Nirvana Zenith Pro (2025) (ASIN: B0DXPL5XHF)
2026-08-08 08:04:50,857 - ERROR - API Error for ASIN B0DGV56J6G: 429 - {"message":"You have exceeded the MONTHLY quota for Requests on your current plan, BASIC. Upgrade your plan at https:\/\/rapidapi.com\/letscrape-6bRBa3QguO5\/api\/real-time-amazon-data"}
2026-08-08 08:04:50,858 - WARNING - No data found for Noise Air Clips Wireless Open Ear Earbuds with Chrome Finish (ASIN: B0DGV56J6G)
2026-08-08 08:04:51,086 - ERROR - API Error for ASIN 	B0DN171184: 429 - {"message":"You have exceeded the MONTHLY quota for Requests on your current plan, BASIC. Upgrade your plan at https:\/\/rapidapi.com\/letscrape-6bRBa3QguO5\/api\/real-time-amazon-data"}
2026-08-08 08:04:51,090 - WARNING - No data found for boAt Nirvana Ion ANC Pro (ASIN: 	B0DN171184)
2026-08-08 08:04:51,399 - ERROR - API Error for ASIN B0DHH96NBB: 429 - {"message":"You have exceeded the MONTHLY quota for Requests on your current plan, BASIC. Upgrade your plan at https:\/\/rapidapi.com\/letscrape-6bRBa3QguO5\/api\/real-time-amazon-data"}
2026-08-08 08:04:51,400 - WARNING - No data found for Noise Newly Launched Air Buds Pro 6 (ASIN: B0DHH96NBB)
2026-08-08 08:04:51,685 - ERROR - API Error for ASIN 	B0DBHD2F5R: 429 - {"message":"You have exceeded the MONTHLY quota for Requests on your current plan, BASIC. Upgrade your plan at https:\/\/rapidapi.com\/letscrape-6bRBa3QguO5\/api\/real-time-amazon-data"}
2026-08-08 08:04:51,686 - WARNING - No data found for boAt Nirvana Ivy (ASIN: 	B0DBHD2F5R)
2026-08-08 08:04:51,963 - ERROR - API Error for ASIN 	B0F673HNLP: 429 - {"message":"You have exceeded the MONTHLY quota for Requests on your current plan, BASIC. Upgrade your plan at https:\/\/rapidapi.com\/letscrape-6bRBa3QguO5\/api\/real-time-amazon-data"}
2026-08-08 08:04:51,964 - WARNING - No data found for Noise Newly Launched Air Clips 2 (ASIN: 	B0F673HNLP)
2026-08-08 08:04:52,193 - ERROR - API Error for ASIN B0DQKY3R84: 429 - {"message":"You have exceeded the MONTHLY quota for Requests on your current plan, BASIC. Upgrade your plan at https:\/\/rapidapi.com\/letscrape-6bRBa3QguO5\/api\/real-time-amazon-data"}
2026-08-08 08:04:52,194 - WARNING - No data found for boAt Nirvana X TWS (2025) (ASIN: B0DQKY3R84)
2026-08-08 08:04:52,444 - ERROR - API Error for ASIN B0DGV55W2K: 429 - {"message":"You have exceeded the MONTHLY quota for Requests on your current plan, BASIC. Upgrade your plan at https:\/\/rapidapi.com\/letscrape-6bRBa3QguO5\/api\/real-time-amazon-data"}
2026-08-08 08:04:52,445 - WARNING - No data found for Noise Newly Launched Air Buds 6 (ASIN: B0DGV55W2K)
2026-08-08 08:04:52,652 - ERROR - API Error for ASIN B0DHHDW7FV: 429 - {"message":"You have exceeded the MONTHLY quota for Requests on your current plan, BASIC. Upgrade your plan at https:\/\/rapidapi.com\/letscrape-6bRBa3QguO5\/api\/real-time-amazon-data"}
2026-08-08 08:04:52,653 - WARNING - No data found for Noise Newly Launched Air Buds Pro 6 in Ear Truly Wireless Earbuds with Hybrid ANC (up to 49dB) (ASIN: B0DHHDW7FV)
