2026-04-29 16:09:37,592 - INFO - Logging is configured. Log file: logs/amazon_api_20260429_160937.log
2026-04-29 16:09:37,593 - INFO - All CSV files initialized.
2026-04-29 16:09:37,593 - INFO - Starting product data check...
2026-04-29 16:09:41,524 - INFO - Saved to product_data: boAt Nirvana Zenith Pro (2025) at 2999.0 INR, Rating: 3.9, Reviews: 1523
2026-04-29 16:09:41,547 - INFO - Saved to product_details: Boat Nirvana Zenith Pro, 50dB Hybrid Adaptive ANC, Spatial Audio, Hi-Res Audio LDAC, 6Mics AI-ENx, 80 Hrs Battery, Bluetooth Earbuds, TWS Ear Buds Wireless Earphones with mic (Platinum Gold)
2026-04-29 16:09:41,547 - INFO - No reviews found for ASIN B0DXPL5XHF.
2026-04-29 16:09:45,613 - INFO - Saved to product_data: Noise Air Clips Wireless Open Ear Earbuds with Chrome Finish at 2499.0 INR, Rating: 3.3, Reviews: 3387
2026-04-29 16:09:45,636 - INFO - Saved to product_details: Noise Air Clips Wireless Open Ear Earbuds with Chrome Finish, AirWave™ Technology,Up-to 40H Playtime, Dual Device Pairing, Quad Mic with ENC,12mm Driver,BTv5.4 (Pearl Black)
2026-04-29 16:09:45,636 - INFO - No reviews found for ASIN B0DGV56J6G.
2026-04-29 16:09:49,958 - INFO - Saved to product_data: boAt Nirvana Ion ANC Pro at 1999.0 INR, Rating: 4.1, Reviews: 447
2026-04-29 16:09:49,990 - INFO - Saved to product_details: Boat Nirvana Ion ANC Pro, Hi-Res Audio LDAC,ANC(~32dB), 120Hrs Battery, App Support, Fast Charge, v5.3 Bluetooth TWS in Ear Earbuds Wireless Earphones with mic (Blazing Comet)
2026-04-29 16:09:49,990 - INFO - No reviews found for ASIN 	B0DN171184.
2026-04-29 16:09:53,850 - INFO - Saved to product_data: Noise Newly Launched Air Buds Pro 6 at None INR, Rating: 3.9, Reviews: 262
2026-04-29 16:09:53,874 - INFO - Saved to product_details: Noise Newly Launched Air Buds Pro 6 in Ear Truly Wireless Earbuds with Hybrid ANC (up to 49dB), LHDC with 12.4mm Titanium Driver, 50H of Playtime, Google Fast Pair, BT v5.3(Slate Black)
2026-04-29 16:09:53,874 - INFO - No reviews found for ASIN B0DHH96NBB.
2026-04-29 16:09:58,199 - INFO - Saved to product_data: boAt Nirvana Ivy at 1799.0 INR, Rating: 3.8, Reviews: 1236
2026-04-29 16:09:58,223 - INFO - Saved to product_details: Boat Nirvana Ivy, 50dB Hybrid Active Noise Cancellation, 360º Spatial Audio,Fast Charge,App Support, v5.3 Bluetooth Earbuds, TWS Ear Buds Wireless Earphones with mic (Gunmetal Black)
2026-04-29 16:09:58,223 - INFO - No reviews found for ASIN 	B0DBHD2F5R.
2026-04-29 16:10:02,232 - INFO - Saved to product_data: Noise Newly Launched Air Clips 2 at 1999.0 INR, Rating: 3.0, Reviews: 421
2026-04-29 16:10:02,255 - INFO - Saved to product_details: Noise Newly Launched Air Clips 2 Wireless Open Ear Earbuds with Clip Design, AirWave™ Technology,Up-to 40H Playtime, Dual Device Pairing, ENC,12mm Driver,BTv5.3 (Frost Black)
2026-04-29 16:10:02,256 - INFO - No reviews found for ASIN 	B0F673HNLP.
2026-04-29 16:10:06,368 - INFO - Saved to product_data: boAt Nirvana X TWS (2025) at 1449.0 INR, Rating: 4.0, Reviews: 423
2026-04-29 16:10:06,394 - INFO - Saved to product_details: Boat Nirvana X TWS,Knowles Dual Drivers, Hi-Res Audio LDAC, App Support,4Mic ENx,Dual Pair,Spatial Audio,Fast Charge, Bluetooth Earbuds, TWS Ear Buds Wireless Earphones with mic (Cosmic Onyx)
2026-04-29 16:10:06,394 - INFO - No reviews found for ASIN B0DQKY3R84.
2026-04-29 16:10:11,203 - INFO - Saved to product_data: Noise Newly Launched Air Buds 6 at None INR, Rating: 3.9, Reviews: 3734
2026-04-29 16:10:11,227 - INFO - Saved to product_details: Noise Newly Launched Air Buds 6 in-Ear Bluetooth TWS - AI Enabled Smartbuds, ANC (up to 32db), Personalised App, in-Ear Detection, Voice Control, Google Fast Pair, BT v5.3(Pebble Grey)
2026-04-29 16:10:11,227 - INFO - No reviews found for ASIN B0DGV55W2K.
2026-04-29 16:10:15,749 - INFO - Saved to product_data: Noise Newly Launched Air Buds Pro 6 in Ear Truly Wireless Earbuds with Hybrid ANC (up to 49dB) at None INR, Rating: 3.9, Reviews: 262
2026-04-29 16:10:15,772 - INFO - Saved to product_details: Noise Newly Launched Air Buds Pro 6 in Ear Truly Wireless Earbuds with Hybrid ANC (up to 49dB), LHDC with 12.4mm Titanium Driver, 50H of Playtime, Google Fast Pair, BT v5.3(Petal Pink)
2026-04-29 16:10:15,773 - INFO - No reviews found for ASIN B0DHHDW7FV.
