2026-04-08 15:50:56,616 - INFO - Logging is configured. Log file: logs/amazon_api_20260408_155056.log
2026-04-08 15:50:56,617 - INFO - All CSV files initialized.
2026-04-08 15:50:56,617 - INFO - Starting product data check...
2026-04-08 15:51:06,087 - INFO - Saved to product_data: boAt Nirvana Zenith Pro (2025) at 2799.0 INR, Rating: 3.9, Reviews: 1447
2026-04-08 15:51:06,102 - INFO - Saved to product_details: Null
2026-04-08 15:51:06,104 - INFO - Saved 1 new reviews for ASIN B0DXPL5XHF.
2026-04-08 15:51:17,593 - INFO - Saved to product_data: Noise Air Clips Wireless Open Ear Earbuds with Chrome Finish at 1999.0 INR, Rating: 3.4, Reviews: 3257
2026-04-08 15:51:17,607 - INFO - Saved to product_details: Noise Air Clips Wireless Open Ear Earbuds with Chrome Finish, AirWave™ Technology,Up-to 40H Playtime, Dual Device Pairing, Quad Mic with ENC,12mm Driver,BTv5.4 (Pearl Black)
2026-04-08 15:51:17,610 - INFO - Saved 0 new reviews for ASIN B0DGV56J6G.
2026-04-08 15:51:27,014 - INFO - Saved to product_data: boAt Nirvana Ion ANC Pro at 1799.0 INR, Rating: 4.0, Reviews: 427
2026-04-08 15:51:27,029 - INFO - Saved to product_details: Boat Nirvana Ion ANC Pro, Hi-Res Audio LDAC,ANC(~32dB), 120Hrs Battery, App Support, Fast Charge, v5.3 Bluetooth TWS in Ear Earbuds Wireless Earphones with mic (Blazing Comet)
2026-04-08 15:51:27,032 - INFO - Saved 0 new reviews for ASIN 	B0DN171184.
2026-04-08 15:51:36,697 - INFO - Saved to product_data: Noise Newly Launched Air Buds Pro 6 at None INR, Rating: 3.8, Reviews: 261
2026-04-08 15:51:36,712 - INFO - Saved to product_details: Noise Newly Launched Air Buds Pro 6 in Ear Truly Wireless Earbuds with Hybrid ANC (up to 49dB), LHDC with 12.4mm Titanium Driver, 50H of Playtime, Google Fast Pair, BT v5.3(Slate Black)
2026-04-08 15:51:36,715 - INFO - Saved 3 new reviews for ASIN B0DHH96NBB.
2026-04-08 15:51:52,064 - ERROR - No product data found in API response for ASIN 	B0DBHD2F5R.
2026-04-08 15:51:52,064 - ERROR - No product details found in API response for ASIN 	B0DBHD2F5R.
2026-04-08 15:51:52,064 - INFO - No reviews found for ASIN 	B0DBHD2F5R.
2026-04-08 15:52:00,493 - INFO - Saved to product_data: Noise Newly Launched Air Clips 2 at 2499.0 INR, Rating: 3.0, Reviews: 397
2026-04-08 15:52:00,507 - INFO - Saved to product_details: Noise Newly Launched Air Clips 2 Wireless Open Ear Earbuds with Clip Design, AirWave™ Technology,Up-to 40H Playtime, Dual Device Pairing, ENC,12mm Driver,BTv5.3 (Frost Black)
2026-04-08 15:52:00,510 - INFO - Saved 1 new reviews for ASIN 	B0F673HNLP.
2026-04-08 15:52:10,555 - INFO - Saved to product_data: boAt Nirvana X TWS (2025) at 1499.0 INR, Rating: 3.8, Reviews: 430
2026-04-08 15:52:10,570 - INFO - Saved to product_details: Boat Nirvana X TWS,Knowles Dual Drivers, Hi-Res Audio LDAC, App Support,4Mic ENx,Dual Pair,Spatial Audio,Fast Charge, Bluetooth Earbuds, TWS Ear Buds Wireless Earphones with mic (Cosmic Onyx)
2026-04-08 15:52:10,572 - INFO - Saved 5 new reviews for ASIN B0DQKY3R84.
2026-04-08 15:52:21,411 - INFO - Saved to product_data: Noise Newly Launched Air Buds 6 at None INR, Rating: 3.9, Reviews: 3692
2026-04-08 15:52:21,426 - INFO - Saved to product_details: Noise Newly Launched Air Buds 6 in-Ear Bluetooth TWS - AI Enabled Smartbuds, ANC (up to 32db), Personalised App, in-Ear Detection, Voice Control, Google Fast Pair, BT v5.3(Pebble Grey)
2026-04-08 15:52:21,428 - INFO - Saved 0 new reviews for ASIN B0DGV55W2K.
2026-04-08 15:52:32,065 - INFO - Saved to product_data: Noise Newly Launched Air Buds Pro 6 in Ear Truly Wireless Earbuds with Hybrid ANC (up to 49dB) at None INR, Rating: 3.8, Reviews: 261
2026-04-08 15:52:32,080 - INFO - Saved to product_details: Noise Newly Launched Air Buds Pro 6 in Ear Truly Wireless Earbuds with Hybrid ANC (up to 49dB), LHDC with 12.4mm Titanium Driver, 50H of Playtime, Google Fast Pair, BT v5.3(Petal Pink)
2026-04-08 15:52:32,082 - INFO - Saved 3 new reviews for ASIN B0DHHDW7FV.
