2026-03-18 15:42:42,148 - INFO - Logging is configured. Log file: logs/amazon_api_20260318_154242.log
2026-03-18 15:42:42,148 - INFO - All CSV files initialized.
2026-03-18 15:42:42,148 - INFO - Starting product data check...
2026-03-18 15:42:46,400 - INFO - Saved to product_data: boAt Nirvana Zenith Pro (2025) at 2999.0 INR, Rating: 4.0, Reviews: 1469
2026-03-18 15:42:46,416 - INFO - Saved to product_details: Boat Nirvana Zenith Pro(2025),50dB Hybrid Adaptive ANC,Spatial Audio, Hi-Res Audio LDAC,6Mics AI-ENx,80 Hrs Battery,Bluetooth,TWS Ear Buds Wireless Earphones with mic,NoiseCancellation(Platinum Gold)
2026-03-18 15:42:46,419 - INFO - Saved 3 new reviews for ASIN B0DXPL5XHF.
2026-03-18 15:42:50,606 - INFO - Saved to product_data: Noise Air Clips Wireless Open Ear Earbuds with Chrome Finish at 2499.0 INR, Rating: 3.4, Reviews: 3162
2026-03-18 15:42:50,623 - INFO - Saved to product_details: Noise Air Clips Wireless Open Ear Earbuds with Chrome Finish, AirWave™ Technology,Up-to 40H Playtime, Dual Device Pairing, Quad Mic with ENC,12mm Driver,BTv5.4 (Pearl Black)
2026-03-18 15:42:50,625 - INFO - Saved 0 new reviews for ASIN B0DGV56J6G.
2026-03-18 15:42:54,368 - INFO - Saved to product_data: boAt Nirvana Ion ANC Pro at None INR, Rating: 4.0, Reviews: 22160
2026-03-18 15:42:54,384 - INFO - Saved to product_details: Boat Nirvana Ion ANC Pro, Hi-Res Audio LDAC,ANC(~32dB), 120Hrs Battery, App Support, Fast Charge, v5.3 Bluetooth TWS in Ear Earbuds Wireless Earphones with mic (Blazing Comet)
2026-03-18 15:42:54,387 - INFO - Saved 0 new reviews for ASIN 	B0DN171184.
2026-03-18 15:42:58,753 - INFO - Saved to product_data: Noise Newly Launched Air Buds Pro 6 at None INR, Rating: 3.7, Reviews: 256
2026-03-18 15:42:58,770 - INFO - Saved to product_details: Noise Newly Launched Air Buds Pro 6 in Ear Truly Wireless Earbuds with Hybrid ANC (up to 49dB), LHDC with 12.4mm Titanium Driver, 50H of Playtime, Google Fast Pair, BT v5.3(Slate Black)
2026-03-18 15:42:58,773 - INFO - Saved 0 new reviews for ASIN B0DHH96NBB.
2026-03-18 15:43:03,116 - INFO - Saved to product_data: boAt Nirvana Ivy at 2704.0 INR, Rating: 3.8, Reviews: 1104
2026-03-18 15:43:03,133 - INFO - Saved to product_details: Boat Nirvana Ivy, 50dB Hybrid Active Noise Cancellation, 360º Spatial Audio,Fast Charge,App Support, v5.3 Bluetooth Earbuds, TWS Ear Buds Wireless Earphones with mic (Gunmetal Black)
2026-03-18 15:43:03,136 - INFO - Saved 1 new reviews for ASIN 	B0DBHD2F5R.
2026-03-18 15:43:07,011 - INFO - Saved to product_data: Noise Newly Launched Air Clips 2 at 2299.0 INR, Rating: 3.0, Reviews: 369
2026-03-18 15:43:07,027 - INFO - Saved to product_details: Noise Newly Launched Air Clips 2 Wireless Open Ear Earbuds with Clip Design, AirWave™ Technology,Up-to 40H Playtime, Dual Device Pairing, ENC,12mm Driver,BTv5.3 (Frost Black)
2026-03-18 15:43:07,030 - INFO - Saved 0 new reviews for ASIN 	B0F673HNLP.
2026-03-18 15:43:11,356 - INFO - Saved to product_data: boAt Nirvana X TWS (2025) at 1599.0 INR, Rating: 3.8, Reviews: 809
2026-03-18 15:43:11,373 - INFO - Saved to product_details: Boat Nirvana X TWS,Knowles Dual Drivers, Hi-Res Audio LDAC, App Support,4Mic ENx,Dual Pair,Spatial Audio,Fast Charge, Bluetooth Earbuds, TWS Ear Buds Wireless Earphones with mic (Cosmic Onyx)
2026-03-18 15:43:11,376 - INFO - Saved 1 new reviews for ASIN B0DQKY3R84.
2026-03-18 15:43:15,581 - INFO - Saved to product_data: Noise Newly Launched Air Buds 6 at 2499.0 INR, Rating: 3.9, Reviews: 3664
2026-03-18 15:43:15,598 - INFO - Saved to product_details: Noise Newly Launched Air Buds 6 in-Ear Bluetooth TWS - AI Enabled Smartbuds, ANC (up to 32db), Personalised App, in-Ear Detection, Voice Control, Google Fast Pair, BT v5.3(Pebble Grey)
2026-03-18 15:43:15,600 - INFO - Saved 0 new reviews for ASIN B0DGV55W2K.
2026-03-18 15:43:19,861 - INFO - Saved to product_data: Noise Newly Launched Air Buds Pro 6 in Ear Truly Wireless Earbuds with Hybrid ANC (up to 49dB) at 2799.0 INR, Rating: 3.7, Reviews: 256
2026-03-18 15:43:19,878 - INFO - Saved to product_details: Noise Newly Launched Air Buds Pro 6 in Ear Truly Wireless Earbuds with Hybrid ANC (up to 49dB), LHDC with 12.4mm Titanium Driver, 50H of Playtime, Google Fast Pair, BT v5.3(Petal Pink)
2026-03-18 15:43:19,881 - INFO - Saved 0 new reviews for ASIN B0DHHDW7FV.
