2026-04-15 15:42:54,633 - INFO - Logging is configured. Log file: logs/amazon_api_20260415_154254.log
2026-04-15 15:42:54,633 - INFO - All CSV files initialized.
2026-04-15 15:42:54,633 - INFO - Starting product data check...
2026-04-15 15:42:58,220 - INFO - Saved to product_data: boAt Nirvana Zenith Pro (2025) at 2999.0 INR, Rating: 3.9, Reviews: 1463
2026-04-15 15:42:58,240 - INFO - Saved to product_details: Boat Nirvana Zenith Pro, 50dB Hybrid Adaptive ANC, Spatial Audio, Hi-Res Audio LDAC, 6Mics AI-ENx, 80 Hrs Battery, Bluetooth Earbuds, TWS Ear Buds Wireless Earphones with mic (Platinum Gold)
2026-04-15 15:42:58,243 - INFO - Saved 1 new reviews for ASIN B0DXPL5XHF.
2026-04-15 15:43:02,485 - INFO - Saved to product_data: Noise Air Clips Wireless Open Ear Earbuds with Chrome Finish at 2499.0 INR, Rating: 3.3, Reviews: 3294
2026-04-15 15:43:02,505 - INFO - Saved to product_details: Noise Air Clips Wireless Open Ear Earbuds with Chrome Finish, AirWave™ Technology,Up-to 40H Playtime, Dual Device Pairing, Quad Mic with ENC,12mm Driver,BTv5.4 (Pearl Black)
2026-04-15 15:43:02,508 - INFO - Saved 2 new reviews for ASIN B0DGV56J6G.
2026-04-15 15:43:06,683 - INFO - Saved to product_data: boAt Nirvana Ion ANC Pro at None INR, Rating: 4.1, Reviews: 433
2026-04-15 15:43:06,703 - INFO - Saved to product_details: Boat Nirvana Ion ANC Pro, Hi-Res Audio LDAC,ANC(~32dB), 120Hrs Battery, App Support, Fast Charge, v5.3 Bluetooth TWS in Ear Earbuds Wireless Earphones with mic (Blazing Comet)
2026-04-15 15:43:06,706 - INFO - Saved 0 new reviews for ASIN 	B0DN171184.
2026-04-15 15:43:10,342 - INFO - Saved to product_data: Noise Newly Launched Air Buds Pro 6 at None INR, Rating: 3.9, Reviews: 261
2026-04-15 15:43:10,366 - INFO - Saved to product_details: Noise Newly Launched Air Buds Pro 6 in Ear Truly Wireless Earbuds with Hybrid ANC (up to 49dB), LHDC with 12.4mm Titanium Driver, 50H of Playtime, Google Fast Pair, BT v5.3(Slate Black)
2026-04-15 15:43:10,370 - INFO - Saved 0 new reviews for ASIN B0DHH96NBB.
2026-04-15 15:43:14,346 - INFO - Saved to product_data: boAt Nirvana Ivy at 1799.0 INR, Rating: 3.8, Reviews: 1156
2026-04-15 15:43:14,366 - INFO - Saved to product_details: Boat Nirvana Ivy, 50dB Hybrid ANC, 360º Spatial Audio, Dynamic Head Tracking,Fast Charge,App Support, 50HRS Battery, v5.3 Bluetooth Earbuds, TWS Ear Buds Wireless Earphones with mic (Quartz Cyan)
2026-04-15 15:43:14,369 - INFO - Saved 3 new reviews for ASIN 	B0DBHD2F5R.
2026-04-15 15:43:18,179 - INFO - Saved to product_data: Noise Newly Launched Air Clips 2 at 1999.0 INR, Rating: 3.0, Reviews: 403
2026-04-15 15:43:18,199 - INFO - Saved to product_details: Noise Newly Launched Air Clips 2 Wireless Open Ear Earbuds with Clip Design, AirWave™ Technology,Up-to 40H Playtime, Dual Device Pairing, ENC,12mm Driver,BTv5.3 (Frost Black)
2026-04-15 15:43:18,202 - INFO - Saved 1 new reviews for ASIN 	B0F673HNLP.
2026-04-15 15:43:21,932 - INFO - Saved to product_data: boAt Nirvana X TWS (2025) at 1449.0 INR, Rating: 3.8, Reviews: 382
2026-04-15 15:43:21,952 - INFO - Saved to product_details: Boat Nirvana X TWS,Knowles Dual Drivers, Hi-Res Audio LDAC, App Support,4Mic ENx,Dual Pair,Spatial Audio,Fast Charge, Bluetooth Earbuds, TWS Ear Buds Wireless Earphones with mic (Cosmic Onyx)
2026-04-15 15:43:21,955 - INFO - Saved 0 new reviews for ASIN B0DQKY3R84.
2026-04-15 15:43:25,464 - INFO - Saved to product_data: Noise Newly Launched Air Buds 6 at None INR, Rating: 3.9, Reviews: 3707
2026-04-15 15:43:25,484 - INFO - Saved to product_details: Noise Newly Launched Air Buds 6 in-Ear Bluetooth TWS - AI Enabled Smartbuds, ANC (up to 32db), Personalised App, in-Ear Detection, Voice Control, Google Fast Pair, BT v5.3(Pebble Grey)
2026-04-15 15:43:25,488 - INFO - Saved 0 new reviews for ASIN B0DGV55W2K.
2026-04-15 15:43:29,369 - INFO - Saved to product_data: Noise Newly Launched Air Buds Pro 6 in Ear Truly Wireless Earbuds with Hybrid ANC (up to 49dB) at None INR, Rating: 3.9, Reviews: 261
2026-04-15 15:43:29,389 - INFO - Saved to product_details: Noise Newly Launched Air Buds Pro 6 in Ear Truly Wireless Earbuds with Hybrid ANC (up to 49dB), LHDC with 12.4mm Titanium Driver, 50H of Playtime, Google Fast Pair, BT v5.3(Petal Pink)
2026-04-15 15:43:29,392 - INFO - Saved 0 new reviews for ASIN B0DHHDW7FV.
