2026-10-10 13:53:45,597 - INFO - Logging is configured. Log file: logs/amazon_api_20261010_135345.log
2026-10-10 13:53:45,597 - INFO - All CSV files initialized.
2026-10-10 13:53:45,597 - INFO - Starting product data check...
2026-10-10 13:53:45,773 - ERROR - API Error for ASIN B0DXPL5XHF: 429 - {"message":"You have exceeded the MONTHLY quota for Requests on your current plan, BASIC. Upgrade your plan at https:\/\/rapidapi.com\/letscrape-6bRBa3QguO5\/api\/real-time-amazon-data"}
2026-10-10 13:53:45,774 - WARNING - No data found for boAt Nirvana Zenith Pro (2025) (ASIN: B0DXPL5XHF)
2026-10-10 13:53:45,942 - ERROR - API Error for ASIN B0DGV56J6G: 429 - {"message":"You have exceeded the MONTHLY quota for Requests on your current plan, BASIC. Upgrade your plan at https:\/\/rapidapi.com\/letscrape-6bRBa3QguO5\/api\/real-time-amazon-data"}
2026-10-10 13:53:45,943 - WARNING - No data found for Noise Air Clips Wireless Open Ear Earbuds with Chrome Finish (ASIN: B0DGV56J6G)
2026-10-10 13:53:46,141 - ERROR - API Error for ASIN 	B0DN171184: 429 - {"message":"You have exceeded the MONTHLY quota for Requests on your current plan, BASIC. Upgrade your plan at https:\/\/rapidapi.com\/letscrape-6bRBa3QguO5\/api\/real-time-amazon-data"}
2026-10-10 13:53:46,142 - WARNING - No data found for boAt Nirvana Ion ANC Pro (ASIN: 	B0DN171184)
2026-10-10 13:53:46,277 - ERROR - API Error for ASIN B0DHH96NBB: 429 - {"message":"You have exceeded the MONTHLY quota for Requests on your current plan, BASIC. Upgrade your plan at https:\/\/rapidapi.com\/letscrape-6bRBa3QguO5\/api\/real-time-amazon-data"}
2026-10-10 13:53:46,277 - WARNING - No data found for Noise Newly Launched Air Buds Pro 6 (ASIN: B0DHH96NBB)
2026-10-10 13:53:46,397 - ERROR - API Error for ASIN 	B0DBHD2F5R: 429 - {"message":"You have exceeded the MONTHLY quota for Requests on your current plan, BASIC. Upgrade your plan at https:\/\/rapidapi.com\/letscrape-6bRBa3QguO5\/api\/real-time-amazon-data"}
2026-10-10 13:53:46,398 - WARNING - No data found for boAt Nirvana Ivy (ASIN: 	B0DBHD2F5R)
2026-10-10 13:53:46,519 - ERROR - API Error for ASIN 	B0F673HNLP: 429 - {"message":"You have exceeded the MONTHLY quota for Requests on your current plan, BASIC. Upgrade your plan at https:\/\/rapidapi.com\/letscrape-6bRBa3QguO5\/api\/real-time-amazon-data"}
2026-10-10 13:53:46,520 - WARNING - No data found for Noise Newly Launched Air Clips 2 (ASIN: 	B0F673HNLP)
2026-10-10 13:53:46,650 - ERROR - API Error for ASIN B0DQKY3R84: 429 - {"message":"You have exceeded the MONTHLY quota for Requests on your current plan, BASIC. Upgrade your plan at https:\/\/rapidapi.com\/letscrape-6bRBa3QguO5\/api\/real-time-amazon-data"}
2026-10-10 13:53:46,651 - WARNING - No data found for boAt Nirvana X TWS (2025) (ASIN: B0DQKY3R84)
2026-10-10 13:53:46,762 - ERROR - API Error for ASIN B0DGV55W2K: 429 - {"message":"You have exceeded the MONTHLY quota for Requests on your current plan, BASIC. Upgrade your plan at https:\/\/rapidapi.com\/letscrape-6bRBa3QguO5\/api\/real-time-amazon-data"}
2026-10-10 13:53:46,763 - WARNING - No data found for Noise Newly Launched Air Buds 6 (ASIN: B0DGV55W2K)
2026-10-10 13:53:46,893 - ERROR - API Error for ASIN B0DHHDW7FV: 429 - {"message":"You have exceeded the MONTHLY quota for Requests on your current plan, BASIC. Upgrade your plan at https:\/\/rapidapi.com\/letscrape-6bRBa3QguO5\/api\/real-time-amazon-data"}
2026-10-10 13:53:46,894 - WARNING - No data found for Noise Newly Launched Air Buds Pro 6 in Ear Truly Wireless Earbuds with Hybrid ANC (up to 49dB) (ASIN: B0DHHDW7FV)
