2026-08-22 07:51:51,472 - INFO - Logging is configured. Log file: logs/amazon_api_20260822_075151.log
2026-08-22 07:51:51,472 - INFO - All CSV files initialized.
2026-08-22 07:51:51,472 - INFO - Starting product data check...
2026-08-22 07:51:55,919 - INFO - Saved to product_data: boAt Nirvana Zenith Pro (2025) at 3199.0 INR, Rating: 3.9, Reviews: 1778
2026-08-22 07:51:55,933 - INFO - Saved to product_details: boAt Nirvana Zenith Pro, 50dB Hybrid Adaptive ANC, Spatial Audio, Hi-Res Audio LDAC, 6Mics AI-ENx, 80 Hrs Battery, Bluetooth Earbuds, TWS Ear Buds Wireless Earphones with mic (Platinum Gold)
2026-08-22 07:51:55,935 - INFO - Saved 3 new reviews for ASIN B0DXPL5XHF.
2026-08-22 07:51:59,722 - INFO - Saved to product_data: Noise Air Clips Wireless Open Ear Earbuds with Chrome Finish at 2599.0 INR, Rating: 3.3, Reviews: 3782
2026-08-22 07:51:59,736 - INFO - Saved to product_details: Noise Air Clips Wireless Open Ear Earbuds with Chrome Finish, AirWave™ Technology,Up-to 40H Playtime, Dual Device Pairing, Quad Mic with ENC,12mm Driver,BTv5.4 (Pearl Black)
2026-08-22 07:51:59,738 - INFO - Saved 3 new reviews for ASIN B0DGV56J6G.
2026-08-22 07:52:03,661 - INFO - Saved to product_data: boAt Nirvana Ion ANC Pro at None INR, Rating: 4.0, Reviews: 514
2026-08-22 07:52:03,678 - INFO - Saved to product_details: boAt Nirvana Ion ANC Pro, Hi-Res Audio LDAC, Active Noise Cancellation(~32dB), 120Hrs Battery, App Support, Fast Charge, v5.3 Bluetooth Earbuds,TWS Ear Buds Wireless Earphones with mic (Blazing Comet)
2026-08-22 07:52:03,680 - INFO - Saved 4 new reviews for ASIN 	B0DN171184.
2026-08-22 07:52:04,411 - ERROR - API Error for ASIN B0DHH96NBB: 404 - {"status":"ERROR","request_id":"1b6365fe-ae8d-4971-8c1e-2a8819514b90","error":{"message":"Product not found","code":404}}
2026-08-22 07:52:04,412 - WARNING - No data found for Noise Newly Launched Air Buds Pro 6 (ASIN: B0DHH96NBB)
2026-08-22 07:52:08,093 - INFO - Saved to product_data: boAt Nirvana Ivy at None INR, Rating: 3.8, Reviews: 1497
2026-08-22 07:52:08,107 - INFO - Saved to product_details: boAt Nirvana Ivy, 50dB Hybrid Active Noise Cancellation, 360º Spatial Audio,Fast Charge,App Support, v5.3 Bluetooth Earbuds, TWS Ear Buds Wireless Earphones with mic (Gunmetal Black)
2026-08-22 07:52:08,110 - INFO - Saved 4 new reviews for ASIN 	B0DBHD2F5R.
2026-08-22 07:52:12,029 - INFO - Saved to product_data: Noise Newly Launched Air Clips 2 at None INR, Rating: 2.7, Reviews: 593
2026-08-22 07:52:12,043 - INFO - Saved to product_details: Noise Newly Launched Air Clips 2 Wireless Open Ear Earbuds with Clip Design, AirWave™ Technology,Up-to 40H Playtime, Dual Device Pairing, ENC,12mm Driver,BTv5.3 (Frost Black)
2026-08-22 07:52:12,046 - INFO - Saved 2 new reviews for ASIN 	B0F673HNLP.
2026-08-22 07:52:15,766 - INFO - Saved to product_data: boAt Nirvana X TWS (2025) at 1999.0 INR, Rating: 3.9, Reviews: 715
2026-08-22 07:52:15,780 - INFO - Saved to product_details: boAt Nirvana X TWS,Knowles Dual Drivers, Hi-Res Audio LDAC, App Support,4Mic ENx,Dual Pair,Spatial Audio,Fast Charge, Bluetooth Earbuds, TWS Ear Buds Wireless Earphones with mic (Cosmic Onyx)
2026-08-22 07:52:15,783 - INFO - Saved 4 new reviews for ASIN B0DQKY3R84.
2026-08-22 07:52:16,231 - ERROR - API Error for ASIN B0DGV55W2K: 404 - {"status":"ERROR","request_id":"f0596dd0-afe9-47f8-bdfc-dfefa7afeee6","error":{"message":"Product not found","code":404}}
2026-08-22 07:52:16,232 - WARNING - No data found for Noise Newly Launched Air Buds 6 (ASIN: B0DGV55W2K)
2026-08-22 07:52:16,627 - ERROR - API Error for ASIN B0DHHDW7FV: 404 - {"status":"ERROR","request_id":"3820b370-3130-4d51-91b9-db19ff9bc03e","error":{"message":"Product not found","code":404}}
2026-08-22 07:52:16,628 - WARNING - No data found for Noise Newly Launched Air Buds Pro 6 in Ear Truly Wireless Earbuds with Hybrid ANC (up to 49dB) (ASIN: B0DHHDW7FV)
