2026-02-28 07:44:37,727 - INFO - Logging is configured. Log file: logs/amazon_api_20260228_074437.log
2026-02-28 07:44:37,728 - INFO - All CSV files initialized.
2026-02-28 07:44:37,728 - INFO - Starting product data check...
2026-02-28 07:44:40,946 - INFO - Saved to product_data: boAt Nirvana Zenith Pro (2025) at 2999.0 INR, Rating: 4.0, Reviews: 1420
2026-02-28 07:44:40,960 - INFO - Saved to product_details: Boat Nirvana Zenith Pro(2025),50dB Hybrid Adaptive ANC,Spatial Audio, Hi-Res Audio LDAC,6Mics AI-ENx,80 Hrs Battery,Bluetooth,TWS Ear Buds Wireless Earphones with mic,NoiseCancellation(Platinum Gold)
2026-02-28 07:44:40,962 - INFO - Saved 2 new reviews for ASIN B0DXPL5XHF.
2026-02-28 07:44:44,067 - INFO - Saved to product_data: Noise Air Clips Wireless Open Ear Earbuds with Chrome Finish at 2499.0 INR, Rating: 3.4, Reviews: 3088
2026-02-28 07:44:44,088 - INFO - Saved to product_details: Noise Air Clips Wireless Open Ear Earbuds with Chrome Finish, AirWave™ Technology,Up-to 40H Playtime, Dual Device Pairing, Quad Mic with ENC,12mm Driver,BTv5.4 (Pearl Black)
2026-02-28 07:44:44,093 - INFO - Saved 0 new reviews for ASIN B0DGV56J6G.
2026-02-28 07:44:47,234 - INFO - Saved to product_data: boAt Nirvana Ion ANC Pro at None INR, Rating: 4.0, Reviews: 21803
2026-02-28 07:44:47,254 - INFO - Saved to product_details: Boat Nirvana Ion ANC Pro, Hi-Res Audio LDAC,ANC(~32dB), 120Hrs Battery, App Support, Fast Charge, v5.3 Bluetooth TWS in Ear Earbuds Wireless Earphones with mic (Blazing Comet)
2026-02-28 07:44:47,257 - INFO - Saved 0 new reviews for ASIN 	B0DN171184.
2026-02-28 07:44:50,310 - INFO - Saved to product_data: Noise Newly Launched Air Buds Pro 6 at 3499.0 INR, Rating: 3.7, Reviews: 243
2026-02-28 07:44:50,325 - INFO - Saved to product_details: Noise Newly Launched Air Buds Pro 6 in Ear Truly Wireless Earbuds with Hybrid ANC (up to 49dB), LHDC with 12.4mm Titanium Driver, 50H of Playtime, Google Fast Pair, BT v5.3(Slate Black)
2026-02-28 07:44:50,327 - INFO - Saved 0 new reviews for ASIN B0DHH96NBB.
2026-02-28 07:44:53,252 - INFO - Saved to product_data: boAt Nirvana Ivy at 2704.0 INR, Rating: 3.8, Reviews: 1076
2026-02-28 07:44:53,266 - INFO - Saved to product_details: Boat Nirvana Ivy, 50dB Hybrid Active Noise Cancellation, 360º Spatial Audio,Fast Charge,App Support, v5.3 Bluetooth Earbuds, TWS Ear Buds Wireless Earphones with mic (Gunmetal Black)
2026-02-28 07:44:53,268 - INFO - Saved 2 new reviews for ASIN 	B0DBHD2F5R.
2026-02-28 07:44:56,315 - INFO - Saved to product_data: Noise Newly Launched Air Clips 2 at 2299.0 INR, Rating: 3.0, Reviews: 343
2026-02-28 07:44:56,329 - INFO - Saved to product_details: Noise Newly Launched Air Clips 2 Wireless Open Ear Earbuds with Clip Design, AirWave™ Technology,Up-to 40H Playtime, Dual Device Pairing, ENC,12mm Driver,BTv5.3 (Frost Black)
2026-02-28 07:44:56,332 - INFO - Saved 2 new reviews for ASIN 	B0F673HNLP.
2026-02-28 07:44:59,294 - INFO - Saved to product_data: boAt Nirvana X TWS (2025) at 2499.0 INR, Rating: 3.9, Reviews: 899
2026-02-28 07:44:59,308 - INFO - Saved to product_details: Boat Nirvana X TWS (2025),Knowles Dual Drivers,Hi-Res Audio LDAC,App Support,4Mic ENx,Dual Pair,Spatial Audio,Fast Charge, Bluetooth Earbuds, TWS Ear Buds Wireless Earphones with mic (Cosmic Onyx)
2026-02-28 07:44:59,310 - INFO - Saved 0 new reviews for ASIN B0DQKY3R84.
2026-02-28 07:45:02,616 - INFO - Saved to product_data: Noise Newly Launched Air Buds 6 at 2999.0 INR, Rating: 3.9, Reviews: 3643
2026-02-28 07:45:02,630 - INFO - Saved to product_details: Noise Newly Launched Air Buds 6 in-Ear Bluetooth TWS - AI Enabled Smartbuds, ANC (up to 32db), Personalised App, in-Ear Detection, Voice Control, Google Fast Pair, BT v5.3(Pebble Grey)
2026-02-28 07:45:02,632 - INFO - Saved 0 new reviews for ASIN B0DGV55W2K.
2026-02-28 07:45:05,827 - INFO - Saved to product_data: Noise Newly Launched Air Buds Pro 6 in Ear Truly Wireless Earbuds with Hybrid ANC (up to 49dB) at 3499.0 INR, Rating: 3.7, Reviews: 243
2026-02-28 07:45:05,842 - INFO - Saved to product_details: Noise Newly Launched Air Buds Pro 6 in Ear Truly Wireless Earbuds with Hybrid ANC (up to 49dB), LHDC with 12.4mm Titanium Driver, 50H of Playtime, Google Fast Pair, BT v5.3(Petal Pink)
2026-02-28 07:45:05,844 - INFO - Saved 0 new reviews for ASIN B0DHHDW7FV.
