2026-08-01 09:30:08,696 - INFO - Logging is configured. Log file: logs/amazon_api_20260801_093008.log
2026-08-01 09:30:08,696 - INFO - All CSV files initialized.
2026-08-01 09:30:08,696 - INFO - Starting product data check...
2026-08-01 09:30:14,531 - INFO - Saved to product_data: boAt Nirvana Zenith Pro (2025) at 2999.0 INR, Rating: 3.9, Reviews: 1746
2026-08-01 09:30:14,562 - INFO - Saved to product_details: boAt Nirvana Zenith Pro, 50dB Hybrid Adaptive ANC, Spatial Audio, Hi-Res Audio LDAC, 6Mics AI-ENx, 80 Hrs Battery, Bluetooth Earbuds, TWS Ear Buds Wireless Earphones with mic (Platinum Gold)
2026-08-01 09:30:14,566 - INFO - Saved 0 new reviews for ASIN B0DXPL5XHF.
2026-08-01 09:30:19,424 - INFO - Saved to product_data: Noise Air Clips Wireless Open Ear Earbuds with Chrome Finish at 2599.0 INR, Rating: 3.3, Reviews: 3812
2026-08-01 09:30:19,456 - INFO - Saved to product_details: Noise Air Clips Wireless Open Ear Earbuds with Chrome Finish, AirWave™ Technology,Up-to 40H Playtime, Dual Device Pairing, Quad Mic with ENC,12mm Driver,BTv5.4 (Pearl Black)
2026-08-01 09:30:19,460 - INFO - Saved 2 new reviews for ASIN B0DGV56J6G.
2026-08-01 09:30:32,182 - INFO - Saved to product_data: boAt Nirvana Ion ANC Pro at None INR, Rating: 4.0, Reviews: 512
2026-08-01 09:30:32,212 - INFO - Saved to product_details: boAt Nirvana Ion ANC Pro, Hi-Res Audio LDAC, Active Noise Cancellation(~32dB), 120Hrs Battery, App Support, Fast Charge, v5.3 Bluetooth Earbuds,TWS Ear Buds Wireless Earphones with mic (Blazing Comet)
2026-08-01 09:30:32,212 - INFO - No reviews found for ASIN 	B0DN171184.
2026-08-01 09:30:47,401 - ERROR - No product data found in API response for ASIN B0DHH96NBB.
2026-08-01 09:30:47,402 - ERROR - No product details found in API response for ASIN B0DHH96NBB.
2026-08-01 09:30:47,402 - INFO - No reviews found for ASIN B0DHH96NBB.
2026-08-01 09:30:53,230 - INFO - Saved to product_data: boAt Nirvana Ivy at None INR, Rating: 3.8, Reviews: 1500
2026-08-01 09:30:53,261 - INFO - Saved to product_details: boAt Nirvana Ivy, 50dB Hybrid Active Noise Cancellation, 360º Spatial Audio,Fast Charge,App Support, v5.3 Bluetooth Earbuds, TWS Ear Buds Wireless Earphones with mic (Gunmetal Black)
2026-08-01 09:30:53,262 - INFO - No reviews found for ASIN 	B0DBHD2F5R.
2026-08-01 09:30:57,535 - INFO - Saved to product_data: Noise Newly Launched Air Clips 2 at None INR, Rating: 2.7, Reviews: 570
2026-08-01 09:30:57,566 - INFO - Saved to product_details: Noise Newly Launched Air Clips 2 Wireless Open Ear Earbuds with Clip Design, AirWave™ Technology,Up-to 40H Playtime, Dual Device Pairing, ENC,12mm Driver,BTv5.3 (Frost Black)
2026-08-01 09:30:57,566 - INFO - No reviews found for ASIN 	B0F673HNLP.
2026-08-01 09:31:01,201 - INFO - Saved to product_data: boAt Nirvana X TWS (2025) at 1999.0 INR, Rating: 3.9, Reviews: 670
2026-08-01 09:31:01,232 - INFO - Saved to product_details: boAt Nirvana X TWS,Knowles Dual Drivers, Hi-Res Audio LDAC, App Support,4Mic ENx,Dual Pair,Spatial Audio,Fast Charge, Bluetooth Earbuds, TWS Ear Buds Wireless Earphones with mic (Cosmic Onyx)
2026-08-01 09:31:01,236 - INFO - Saved 2 new reviews for ASIN B0DQKY3R84.
2026-08-01 09:31:07,793 - ERROR - No product data found in API response for ASIN B0DGV55W2K.
2026-08-01 09:31:07,794 - ERROR - No product details found in API response for ASIN B0DGV55W2K.
2026-08-01 09:31:07,794 - INFO - No reviews found for ASIN B0DGV55W2K.
2026-08-01 09:31:17,868 - ERROR - No product data found in API response for ASIN B0DHHDW7FV.
2026-08-01 09:31:17,868 - ERROR - No product details found in API response for ASIN B0DHHDW7FV.
2026-08-01 09:31:17,868 - INFO - No reviews found for ASIN B0DHHDW7FV.
