2026-04-04 08:01:23,021 - INFO - Logging is configured. Log file: logs/amazon_api_20260404_080123.log
2026-04-04 08:01:23,022 - INFO - All CSV files initialized.
2026-04-04 08:01:23,022 - INFO - Starting product data check...
2026-04-04 08:01:26,734 - INFO - Saved to product_data: boAt Nirvana Zenith Pro (2025) at 2799.0 INR, Rating: 3.9, Reviews: 1457
2026-04-04 08:01:26,752 - INFO - Saved to product_details: Boat Nirvana Zenith Pro(2025),50dB Hybrid Adaptive ANC,Spatial Audio, Hi-Res Audio LDAC,6Mics AI-ENx,80 Hrs Battery,Bluetooth,TWS Ear Buds Wireless Earphones with mic,NoiseCancellation(Platinum Gold)
2026-04-04 08:01:26,755 - INFO - Saved 0 new reviews for ASIN B0DXPL5XHF.
2026-04-04 08:01:30,210 - INFO - Saved to product_data: Noise Air Clips Wireless Open Ear Earbuds with Chrome Finish at 2499.0 INR, Rating: 3.4, Reviews: 3241
2026-04-04 08:01:30,228 - INFO - Saved to product_details: Noise Air Clips Wireless Open Ear Earbuds with Chrome Finish, AirWave™ Technology,Up-to 40H Playtime, Dual Device Pairing, Quad Mic with ENC,12mm Driver,BTv5.4 (Pearl Black)
2026-04-04 08:01:30,231 - INFO - Saved 0 new reviews for ASIN B0DGV56J6G.
2026-04-04 08:01:33,852 - INFO - Saved to product_data: boAt Nirvana Ion ANC Pro at 1899.0 INR, Rating: 4.0, Reviews: 422
2026-04-04 08:01:33,871 - INFO - Saved to product_details: Boat Nirvana Ion ANC Pro, Hi-Res Audio LDAC,ANC(~32dB), 120Hrs Battery, App Support, Fast Charge, v5.3 Bluetooth TWS in Ear Earbuds Wireless Earphones with mic (Blazing Comet)
2026-04-04 08:01:33,874 - INFO - Saved 4 new reviews for ASIN 	B0DN171184.
2026-04-04 08:01:37,108 - INFO - Saved to product_data: Noise Newly Launched Air Buds Pro 6 at None INR, Rating: 3.8, Reviews: 259
2026-04-04 08:01:37,127 - INFO - Saved to product_details: Noise Newly Launched Air Buds Pro 6 in Ear Truly Wireless Earbuds with Hybrid ANC (up to 49dB), LHDC with 12.4mm Titanium Driver, 50H of Playtime, Google Fast Pair, BT v5.3(Slate Black)
2026-04-04 08:01:37,130 - INFO - Saved 0 new reviews for ASIN B0DHH96NBB.
2026-04-04 08:01:40,599 - INFO - Saved to product_data: boAt Nirvana Ivy at 1999.0 INR, Rating: 3.8, Reviews: 1133
2026-04-04 08:01:40,618 - INFO - Saved to product_details: Boat Nirvana Ivy, 50dB Hybrid Active Noise Cancellation, 360º Spatial Audio,Fast Charge,App Support, v5.3 Bluetooth Earbuds, TWS Ear Buds Wireless Earphones with mic (Gunmetal Black)
2026-04-04 08:01:40,620 - INFO - Saved 0 new reviews for ASIN 	B0DBHD2F5R.
2026-04-04 08:01:44,072 - INFO - Saved to product_data: Noise Newly Launched Air Clips 2 at 1999.0 INR, Rating: 3.0, Reviews: 396
2026-04-04 08:01:44,091 - INFO - Saved to product_details: Noise Newly Launched Air Clips 2 Wireless Open Ear Earbuds with Clip Design, AirWave™ Technology,Up-to 40H Playtime, Dual Device Pairing, ENC,12mm Driver,BTv5.3 (Frost Black)
2026-04-04 08:01:44,095 - INFO - Saved 0 new reviews for ASIN 	B0F673HNLP.
2026-04-04 08:01:47,851 - INFO - Saved to product_data: boAt Nirvana X TWS (2025) at 1499.0 INR, Rating: 3.8, Reviews: 506
2026-04-04 08:01:47,870 - INFO - Saved to product_details: Boat Nirvana X TWS,Knowles Dual Drivers, Hi-Res Audio LDAC, App Support,4Mic ENx,Dual Pair,Spatial Audio,Fast Charge, Bluetooth Earbuds, TWS Ear Buds Wireless Earphones with mic (Cosmic Onyx)
2026-04-04 08:01:47,873 - INFO - Saved 3 new reviews for ASIN B0DQKY3R84.
2026-04-04 08:01:51,959 - INFO - Saved to product_data: Noise Newly Launched Air Buds 6 at None INR, Rating: 3.9, Reviews: 3687
2026-04-04 08:01:51,978 - INFO - Saved to product_details: Noise Newly Launched Air Buds 6 in-Ear Bluetooth TWS - AI Enabled Smartbuds, ANC (up to 32db), Personalised App, in-Ear Detection, Voice Control, Google Fast Pair, BT v5.3(Pebble Grey)
2026-04-04 08:01:51,981 - INFO - Saved 0 new reviews for ASIN B0DGV55W2K.
2026-04-04 08:01:54,968 - INFO - Saved to product_data: Noise Newly Launched Air Buds Pro 6 in Ear Truly Wireless Earbuds with Hybrid ANC (up to 49dB) at None INR, Rating: 3.8, Reviews: 259
2026-04-04 08:01:54,987 - INFO - Saved to product_details: Noise Newly Launched Air Buds Pro 6 in Ear Truly Wireless Earbuds with Hybrid ANC (up to 49dB), LHDC with 12.4mm Titanium Driver, 50H of Playtime, Google Fast Pair, BT v5.3(Petal Pink)
2026-04-04 08:01:54,990 - INFO - Saved 0 new reviews for ASIN B0DHHDW7FV.
