2026-10-03 12:39:24,116 - INFO - Logging is configured. Log file: logs/amazon_api_20261003_123924.log
2026-10-03 12:39:24,116 - INFO - All CSV files initialized.
2026-10-03 12:39:24,116 - INFO - Starting product data check...
2026-10-03 12:39:29,881 - INFO - Saved to product_data: boAt Nirvana Zenith Pro (2025) at 2799.0 INR, Rating: 3.9, Reviews: 1870
2026-10-03 12:39:29,907 - INFO - Saved to product_details: boAt Nirvana Zenith Pro, 50dB Hybrid Adaptive ANC, Spatial Audio, Hi-Res Audio LDAC, 6Mics AI-ENx, 80 Hrs Battery, Bluetooth Earbuds, TWS Ear Buds Wireless Earphones with mic (Platinum Gold)
2026-10-03 12:39:29,910 - INFO - Saved 0 new reviews for ASIN B0DXPL5XHF.
2026-10-03 12:39:34,682 - INFO - Saved to product_data: Noise Air Clips Wireless Open Ear Earbuds with Chrome Finish at 2599.0 INR, Rating: 3.2, Reviews: 3957
2026-10-03 12:39:34,708 - INFO - Saved to product_details: Noise Air Clips Wireless Open Ear Earbuds with Chrome Finish, AirWave™ Technology,Up-to 40H Playtime, Dual Device Pairing, Quad Mic with ENC,12mm Driver,BTv5.4 (Pearl Black)
2026-10-03 12:39:34,711 - INFO - Saved 0 new reviews for ASIN B0DGV56J6G.
2026-10-03 12:39:41,888 - ERROR - API Error for ASIN 	B0DN171184: 404 - {"status":"ERROR","request_id":"207241a9-d7ca-4261-961c-db2c960cd8f7","error":{"message":"Product not found","code":404}}
2026-10-03 12:39:41,891 - WARNING - No data found for boAt Nirvana Ion ANC Pro (ASIN: 	B0DN171184)
2026-10-03 12:39:49,817 - ERROR - API Error for ASIN B0DHH96NBB: 404 - {"status":"ERROR","request_id":"5f9a389e-fa30-4dd7-b6c5-a7955993e703","error":{"message":"Product not found","code":404}}
2026-10-03 12:39:49,818 - WARNING - No data found for Noise Newly Launched Air Buds Pro 6 (ASIN: B0DHH96NBB)
2026-10-03 12:39:54,636 - INFO - Saved to product_data: boAt Nirvana Ivy at None INR, Rating: 3.6, Reviews: 1916
2026-10-03 12:39:54,662 - INFO - Saved to product_details: boAt Nirvana Ivy, 50dB Hybrid Active Noise Cancellation, 360º Spatial Audio,Fast Charge,App Support, v5.3 Bluetooth Earbuds, TWS Ear Buds Wireless Earphones with mic (Gunmetal Black)
2026-10-03 12:39:54,666 - INFO - Saved 1 new reviews for ASIN 	B0DBHD2F5R.
2026-10-03 12:40:00,278 - INFO - Saved to product_data: Noise Newly Launched Air Clips 2 at 2999.0 INR, Rating: 2.7, Reviews: 650
2026-10-03 12:40:00,304 - INFO - Saved to product_details: Noise Newly Launched Air Clips 2 Wireless Open Ear Earbuds with Clip Design, AirWave™ Technology,Up-to 40H Playtime, Dual Device Pairing, ENC,12mm Driver,BTv5.3 (Frost Black)
2026-10-03 12:40:00,308 - INFO - Saved 0 new reviews for ASIN 	B0F673HNLP.
2026-10-03 12:40:05,535 - INFO - Saved to product_data: boAt Nirvana X TWS (2025) at 1999.0 INR, Rating: 4.0, Reviews: 797
2026-10-03 12:40:05,561 - INFO - Saved to product_details: boAt Nirvana X TWS,Knowles Dual Drivers, Hi-Res Audio LDAC, App Support,4Mic ENx,Dual Pair,Spatial Audio,Fast Charge, Bluetooth Earbuds, TWS Ear Buds Wireless Earphones with mic (Cosmic Onyx)
2026-10-03 12:40:05,564 - INFO - Saved 0 new reviews for ASIN B0DQKY3R84.
2026-10-03 12:40:18,558 - ERROR - API Error for ASIN B0DGV55W2K: 404 - {"status":"ERROR","request_id":"fb7927ee-da54-4f9e-99bb-6435242194bf","error":{"message":"Product not found","code":404}}
2026-10-03 12:40:18,559 - WARNING - No data found for Noise Newly Launched Air Buds 6 (ASIN: B0DGV55W2K)
2026-10-03 12:40:25,523 - ERROR - API Error for ASIN B0DHHDW7FV: 404 - {"status":"ERROR","request_id":"3d5d84fa-31be-4df9-84ee-1b2a8e73f568","error":{"message":"Product not found","code":404}}
2026-10-03 12:40:25,524 - WARNING - No data found for Noise Newly Launched Air Buds Pro 6 in Ear Truly Wireless Earbuds with Hybrid ANC (up to 49dB) (ASIN: B0DHHDW7FV)
