2026-09-30 19:30:17,701 - INFO - Logging is configured. Log file: logs/amazon_api_20260930_193017.log
2026-09-30 19:30:17,702 - INFO - All CSV files initialized.
2026-09-30 19:30:17,702 - INFO - Starting product data check...
2026-09-30 19:30:23,620 - INFO - Saved to product_data: boAt Nirvana Zenith Pro (2025) at 2799.0 INR, Rating: 3.9, Reviews: 1854
2026-09-30 19:30:23,652 - INFO - Saved to product_details: boAt Nirvana Zenith Pro, 50dB Hybrid Adaptive ANC, Spatial Audio, Hi-Res Audio LDAC, 6Mics AI-ENx, 80 Hrs Battery, Bluetooth Earbuds, TWS Ear Buds Wireless Earphones with mic (Platinum Gold)
2026-09-30 19:30:23,656 - INFO - Saved 1 new reviews for ASIN B0DXPL5XHF.
2026-09-30 19:30:29,477 - INFO - Saved to product_data: Noise Air Clips Wireless Open Ear Earbuds with Chrome Finish at 1999.0 INR, Rating: 3.2, Reviews: 3938
2026-09-30 19:30:29,509 - INFO - Saved to product_details: Noise Air Clips Wireless Open Ear Earbuds with Chrome Finish, AirWave™ Technology,Up-to 40H Playtime, Dual Device Pairing, Quad Mic with ENC,12mm Driver,BTv5.4 (Pearl Black)
2026-09-30 19:30:29,514 - INFO - Saved 1 new reviews for ASIN B0DGV56J6G.
2026-09-30 19:30:40,993 - ERROR - API Error for ASIN 	B0DN171184: 404 - {"status":"ERROR","request_id":"7bac4494-c425-45f1-85b6-689103a98d88","error":{"message":"Product not found","code":404}}
2026-09-30 19:30:40,994 - WARNING - No data found for boAt Nirvana Ion ANC Pro (ASIN: 	B0DN171184)
2026-09-30 19:30:50,440 - ERROR - API Error for ASIN B0DHH96NBB: 404 - {"status":"ERROR","request_id":"74e7f1fc-9dc1-4658-9bf7-beb5951b08f3","error":{"message":"Product not found","code":404}}
2026-09-30 19:30:50,441 - WARNING - No data found for Noise Newly Launched Air Buds Pro 6 (ASIN: B0DHH96NBB)
2026-09-30 19:30:55,936 - INFO - Saved to product_data: boAt Nirvana Ivy at None INR, Rating: 3.7, Reviews: 1904
2026-09-30 19:30:55,968 - INFO - Saved to product_details: boAt Nirvana Ivy, 50dB Hybrid Active Noise Cancellation, 360º Spatial Audio,Fast Charge,App Support, v5.3 Bluetooth Earbuds, TWS Ear Buds Wireless Earphones with mic (Gunmetal Black)
2026-09-30 19:30:55,972 - INFO - Saved 0 new reviews for ASIN 	B0DBHD2F5R.
2026-09-30 19:31:02,710 - INFO - Saved to product_data: Noise Newly Launched Air Clips 2 at 2949.0 INR, Rating: 2.7, Reviews: 649
2026-09-30 19:31:02,742 - INFO - Saved to product_details: Noise Newly Launched Air Clips 2 Wireless Open Ear Earbuds with Clip Design, AirWave™ Technology,Up-to 40H Playtime, Dual Device Pairing, ENC,12mm Driver,BTv5.3 (Frost Black)
2026-09-30 19:31:02,747 - INFO - Saved 3 new reviews for ASIN 	B0F673HNLP.
2026-09-30 19:31:08,622 - INFO - Saved to product_data: boAt Nirvana X TWS (2025) at 1999.0 INR, Rating: 3.9, Reviews: 789
2026-09-30 19:31:08,654 - INFO - Saved to product_details: boAt Nirvana X TWS,Knowles Dual Drivers, Hi-Res Audio LDAC, App Support,4Mic ENx,Dual Pair,Spatial Audio,Fast Charge, Bluetooth Earbuds, TWS Ear Buds Wireless Earphones with mic (Cosmic Onyx)
2026-09-30 19:31:08,659 - INFO - Saved 0 new reviews for ASIN B0DQKY3R84.
2026-09-30 19:31:19,339 - ERROR - API Error for ASIN B0DGV55W2K: 404 - {"status":"ERROR","request_id":"98595cab-6336-457b-973b-681c13595a83","error":{"message":"Product not found","code":404}}
2026-09-30 19:31:19,340 - WARNING - No data found for Noise Newly Launched Air Buds 6 (ASIN: B0DGV55W2K)
2026-09-30 19:31:30,538 - ERROR - API Error for ASIN B0DHHDW7FV: 404 - {"status":"ERROR","request_id":"325f2dad-916e-4eee-9716-70d8b9a50c1c","error":{"message":"Product not found","code":404}}
2026-09-30 19:31:30,539 - WARNING - No data found for Noise Newly Launched Air Buds Pro 6 in Ear Truly Wireless Earbuds with Hybrid ANC (up to 49dB) (ASIN: B0DHHDW7FV)
