2026-05-20 17:35:36,014 - INFO - Logging is configured. Log file: logs/amazon_api_20260520_173536.log
2026-05-20 17:35:36,015 - INFO - All CSV files initialized.
2026-05-20 17:35:36,015 - INFO - Starting product data check...
2026-05-20 17:35:40,274 - INFO - Saved to product_data: boAt Nirvana Zenith Pro (2025) at 3199.0 INR, Rating: 3.9, Reviews: 1506
2026-05-20 17:35:40,299 - INFO - Saved to product_details: Boat Nirvana Zenith Pro, 50dB Hybrid Adaptive ANC, Spatial Audio, Hi-Res Audio LDAC, 6Mics AI-ENx, 80 Hrs Battery, Bluetooth Earbuds, TWS Ear Buds Wireless Earphones with mic (Platinum Gold)
2026-05-20 17:35:40,303 - INFO - Saved 1 new reviews for ASIN B0DXPL5XHF.
2026-05-20 17:35:44,537 - INFO - Saved to product_data: Noise Air Clips Wireless Open Ear Earbuds with Chrome Finish at 1999.0 INR, Rating: 3.3, Reviews: 3483
2026-05-20 17:35:44,563 - INFO - Saved to product_details: Noise Air Clips Wireless Open Ear Earbuds with Chrome Finish, AirWave™ Technology,Up-to 40H Playtime, Dual Device Pairing, Quad Mic with ENC,12mm Driver,BTv5.4 (Pearl Black)
2026-05-20 17:35:44,567 - INFO - Saved 2 new reviews for ASIN B0DGV56J6G.
2026-05-20 17:35:48,951 - INFO - Saved to product_data: boAt Nirvana Ion ANC Pro at None INR, Rating: 4.2, Reviews: 461
2026-05-20 17:35:48,977 - INFO - Saved to product_details: Boat Nirvana Ion ANC Pro, Hi-Res Audio LDAC,ANC(~32dB), 120Hrs Battery, App Support, Fast Charge, v5.3 Bluetooth TWS in Ear Earbuds Wireless Earphones with mic (Blazing Comet)
2026-05-20 17:35:48,980 - INFO - Saved 2 new reviews for ASIN 	B0DN171184.
2026-05-20 17:36:04,073 - ERROR - No product data found in API response for ASIN B0DHH96NBB.
2026-05-20 17:36:04,073 - ERROR - No product details found in API response for ASIN B0DHH96NBB.
2026-05-20 17:36:04,073 - INFO - No reviews found for ASIN B0DHH96NBB.
2026-05-20 17:36:07,766 - INFO - Saved to product_data: boAt Nirvana Ivy at 2299.0 INR, Rating: 3.8, Reviews: 1315
2026-05-20 17:36:07,792 - INFO - Saved to product_details: Boat Nirvana Ivy, 50dB Hybrid Active Noise Cancellation, 360º Spatial Audio,Fast Charge,App Support, v5.3 Bluetooth Earbuds, TWS Ear Buds Wireless Earphones with mic (Gunmetal Black)
2026-05-20 17:36:07,796 - INFO - Saved 3 new reviews for ASIN 	B0DBHD2F5R.
2026-05-20 17:36:11,681 - INFO - Saved to product_data: Noise Newly Launched Air Clips 2 at 2499.0 INR, Rating: 2.9, Reviews: 430
2026-05-20 17:36:11,707 - INFO - Saved to product_details: Noise Newly Launched Air Clips 2 Wireless Open Ear Earbuds with Clip Design, AirWave™ Technology,Up-to 40H Playtime, Dual Device Pairing, ENC,12mm Driver,BTv5.3 (Frost Black)
2026-05-20 17:36:11,710 - INFO - Saved 1 new reviews for ASIN 	B0F673HNLP.
2026-05-20 17:36:16,842 - INFO - Saved to product_data: boAt Nirvana X TWS (2025) at 1999.0 INR, Rating: 4.0, Reviews: 463
2026-05-20 17:36:16,868 - INFO - Saved to product_details: Boat Nirvana X TWS,Knowles Dual Drivers, Hi-Res Audio LDAC, App Support,4Mic ENx,Dual Pair,Spatial Audio,Fast Charge, Bluetooth Earbuds, TWS Ear Buds Wireless Earphones with mic (Cosmic Onyx)
2026-05-20 17:36:16,872 - INFO - Saved 2 new reviews for ASIN B0DQKY3R84.
2026-05-20 17:36:22,634 - ERROR - No product data found in API response for ASIN B0DGV55W2K.
2026-05-20 17:36:22,634 - ERROR - No product details found in API response for ASIN B0DGV55W2K.
2026-05-20 17:36:22,635 - INFO - No reviews found for ASIN B0DGV55W2K.
2026-05-20 17:36:30,100 - ERROR - No product data found in API response for ASIN B0DHHDW7FV.
2026-05-20 17:36:30,100 - ERROR - No product details found in API response for ASIN B0DHHDW7FV.
2026-05-20 17:36:30,100 - INFO - No reviews found for ASIN B0DHHDW7FV.
