2026-09-09 17:52:43,922 - INFO - Logging is configured. Log file: logs/amazon_api_20260909_175243.log
2026-09-09 17:52:43,922 - INFO - All CSV files initialized.
2026-09-09 17:52:43,922 - INFO - Starting product data check...
2026-09-09 17:52:50,743 - INFO - Saved to product_data: boAt Nirvana Zenith Pro (2025) at 3199.0 INR, Rating: 3.9, Reviews: 1816
2026-09-09 17:52:50,758 - INFO - Saved to product_details: boAt Nirvana Zenith Pro, 50dB Hybrid Adaptive ANC, Spatial Audio, Hi-Res Audio LDAC, 6Mics AI-ENx, 80 Hrs Battery, Bluetooth Earbuds, TWS Ear Buds Wireless Earphones with mic (Platinum Gold)
2026-09-09 17:52:50,761 - INFO - Saved 1 new reviews for ASIN B0DXPL5XHF.
2026-09-09 17:52:55,765 - INFO - Saved to product_data: Noise Air Clips Wireless Open Ear Earbuds with Chrome Finish at 2599.0 INR, Rating: 3.2, Reviews: 3854
2026-09-09 17:52:55,780 - INFO - Saved to product_details: Noise Air Clips Wireless Open Ear Earbuds with Chrome Finish, AirWave™ Technology,Up-to 40H Playtime, Dual Device Pairing, Quad Mic with ENC,12mm Driver,BTv5.4 (Pearl Black)
2026-09-09 17:52:55,783 - INFO - Saved 1 new reviews for ASIN B0DGV56J6G.
2026-09-09 17:52:59,814 - INFO - Saved to product_data: boAt Nirvana Ion ANC Pro at None INR, Rating: 4.1, Reviews: 514
2026-09-09 17:52:59,831 - INFO - Saved to product_details: boAt Nirvana Ion ANC Pro, Hi-Res Audio LDAC, Active Noise Cancellation(~32dB), 120Hrs Battery, App Support, Fast Charge, v5.3 Bluetooth Earbuds,TWS Ear Buds Wireless Earphones with mic (Blazing Comet)
2026-09-09 17:52:59,833 - INFO - Saved 0 new reviews for ASIN 	B0DN171184.
2026-09-09 17:53:00,543 - ERROR - API Error for ASIN B0DHH96NBB: 404 - {"status":"ERROR","request_id":"f3743a28-cd84-49d2-b108-4d9be70eaccb","error":{"message":"Product not found","code":404}}
2026-09-09 17:53:00,543 - WARNING - No data found for Noise Newly Launched Air Buds Pro 6 (ASIN: B0DHH96NBB)
2026-09-09 17:53:04,462 - INFO - Saved to product_data: boAt Nirvana Ivy at 2299.0 INR, Rating: 3.7, Reviews: 1912
2026-09-09 17:53:04,478 - INFO - Saved to product_details: boAt Nirvana Ivy, 50dB Hybrid Active Noise Cancellation, 360º Spatial Audio,Fast Charge,App Support, v5.3 Bluetooth Earbuds, TWS Ear Buds Wireless Earphones with mic (Gunmetal Black)
2026-09-09 17:53:04,481 - INFO - Saved 6 new reviews for ASIN 	B0DBHD2F5R.
2026-09-09 17:53:08,300 - INFO - Saved to product_data: Noise Newly Launched Air Clips 2 at 2999.0 INR, Rating: 2.7, Reviews: 623
2026-09-09 17:53:08,316 - INFO - Saved to product_details: Noise Newly Launched Air Clips 2 Wireless Open Ear Earbuds with Clip Design, AirWave™ Technology,Up-to 40H Playtime, Dual Device Pairing, ENC,12mm Driver,BTv5.3 (Frost Black)
2026-09-09 17:53:08,318 - INFO - Saved 0 new reviews for ASIN 	B0F673HNLP.
2026-09-09 17:53:12,412 - INFO - Saved to product_data: boAt Nirvana X TWS (2025) at 1999.0 INR, Rating: 3.9, Reviews: 745
2026-09-09 17:53:12,429 - INFO - Saved to product_details: boAt Nirvana X TWS,Knowles Dual Drivers, Hi-Res Audio LDAC, App Support,4Mic ENx,Dual Pair,Spatial Audio,Fast Charge, Bluetooth Earbuds, TWS Ear Buds Wireless Earphones with mic (Cosmic Onyx)
2026-09-09 17:53:12,431 - INFO - Saved 0 new reviews for ASIN B0DQKY3R84.
2026-09-09 17:53:14,846 - ERROR - API Error for ASIN B0DGV55W2K: 404 - {"status":"ERROR","request_id":"033cede3-4198-4a4c-8e2e-01cee33a11b6","error":{"message":"Product not found","code":404}}
2026-09-09 17:53:14,847 - WARNING - No data found for Noise Newly Launched Air Buds 6 (ASIN: B0DGV55W2K)
2026-09-09 17:53:15,426 - ERROR - API Error for ASIN B0DHHDW7FV: 404 - {"status":"ERROR","request_id":"8212d137-3fab-417e-a04d-e975f8a1f2bb","error":{"message":"Product not found","code":404}}
2026-09-09 17:53:15,427 - WARNING - No data found for Noise Newly Launched Air Buds Pro 6 in Ear Truly Wireless Earbuds with Hybrid ANC (up to 49dB) (ASIN: B0DHHDW7FV)
