2026-09-05 11:19:08,976 - INFO - Logging is configured. Log file: logs/amazon_api_20260905_111908.log
2026-09-05 11:19:08,976 - INFO - All CSV files initialized.
2026-09-05 11:19:08,976 - INFO - Starting product data check...
2026-09-05 11:19:13,388 - INFO - Saved to product_data: boAt Nirvana Zenith Pro (2025) at 2799.0 INR, Rating: 3.9, Reviews: 1799
2026-09-05 11:19:13,419 - INFO - Saved to product_details: boAt Nirvana Zenith Pro, 50dB Hybrid Adaptive ANC, Spatial Audio, Hi-Res Audio LDAC, 6Mics AI-ENx, 80 Hrs Battery, Bluetooth Earbuds, TWS Ear Buds Wireless Earphones with mic (Platinum Gold)
2026-09-05 11:19:13,423 - INFO - Saved 1 new reviews for ASIN B0DXPL5XHF.
2026-09-05 11:19:17,334 - INFO - Saved to product_data: Noise Air Clips Wireless Open Ear Earbuds with Chrome Finish at 1999.0 INR, Rating: 3.2, Reviews: 3835
2026-09-05 11:19:17,365 - INFO - Saved to product_details: Noise Air Clips Wireless Open Ear Earbuds with Chrome Finish, AirWave™ Technology,Up-to 40H Playtime, Dual Device Pairing, Quad Mic with ENC,12mm Driver,BTv5.4 (Pearl Black)
2026-09-05 11:19:17,369 - INFO - Saved 0 new reviews for ASIN B0DGV56J6G.
2026-09-05 11:19:21,862 - INFO - Saved to product_data: boAt Nirvana Ion ANC Pro at None INR, Rating: 4.1, Reviews: 513
2026-09-05 11:19:21,893 - INFO - Saved to product_details: boAt Nirvana Ion ANC Pro, Hi-Res Audio LDAC, Active Noise Cancellation(~32dB), 120Hrs Battery, App Support, Fast Charge, v5.3 Bluetooth Earbuds,TWS Ear Buds Wireless Earphones with mic (Blazing Comet)
2026-09-05 11:19:21,897 - INFO - Saved 0 new reviews for ASIN 	B0DN171184.
2026-09-05 11:19:22,297 - ERROR - API Error for ASIN B0DHH96NBB: 404 - {"status":"ERROR","request_id":"7a39e460-508f-4fc3-921b-1827f64c73d2","error":{"message":"Product not found","code":404}}
2026-09-05 11:19:22,298 - WARNING - No data found for Noise Newly Launched Air Buds Pro 6 (ASIN: B0DHH96NBB)
2026-09-05 11:19:26,640 - INFO - Saved to product_data: boAt Nirvana Ivy at None INR, Rating: 3.8, Reviews: 817
2026-09-05 11:19:26,671 - INFO - Saved to product_details: boAt Nirvana Ivy, 50dB Hybrid Active Noise Cancellation, 360º Spatial Audio,Fast Charge,App Support, v5.3 Bluetooth Earbuds, TWS Ear Buds Wireless Earphones with mic (Gunmetal Black)
2026-09-05 11:19:26,675 - INFO - Saved 0 new reviews for ASIN 	B0DBHD2F5R.
2026-09-05 11:19:30,698 - INFO - Saved to product_data: Noise Newly Launched Air Clips 2 at 2999.0 INR, Rating: 2.7, Reviews: 617
2026-09-05 11:19:30,728 - INFO - Saved to product_details: Noise Newly Launched Air Clips 2 Wireless Open Ear Earbuds with Clip Design, AirWave™ Technology,Up-to 40H Playtime, Dual Device Pairing, ENC,12mm Driver,BTv5.3 (Frost Black)
2026-09-05 11:19:30,733 - INFO - Saved 0 new reviews for ASIN 	B0F673HNLP.
2026-09-05 11:19:34,016 - INFO - Saved to product_data: boAt Nirvana X TWS (2025) at 1999.0 INR, Rating: 3.9, Reviews: 736
2026-09-05 11:19:34,047 - INFO - Saved to product_details: boAt Nirvana X TWS,Knowles Dual Drivers, Hi-Res Audio LDAC, App Support,4Mic ENx,Dual Pair,Spatial Audio,Fast Charge, Bluetooth Earbuds, TWS Ear Buds Wireless Earphones with mic (Cosmic Onyx)
2026-09-05 11:19:34,051 - INFO - Saved 0 new reviews for ASIN B0DQKY3R84.
2026-09-05 11:19:36,367 - ERROR - API Error for ASIN B0DGV55W2K: 404 - {"status":"ERROR","request_id":"d4a7c6ac-31ce-4888-b825-278e99fb19f1","error":{"message":"Product not found","code":404}}
2026-09-05 11:19:36,368 - WARNING - No data found for Noise Newly Launched Air Buds 6 (ASIN: B0DGV55W2K)
2026-09-05 11:19:36,751 - ERROR - API Error for ASIN B0DHHDW7FV: 404 - {"status":"ERROR","request_id":"03e3f7b7-0b83-4fb8-b981-ba4e60da4f7e","error":{"message":"Product not found","code":404}}
2026-09-05 11:19:36,752 - WARNING - No data found for Noise Newly Launched Air Buds Pro 6 in Ear Truly Wireless Earbuds with Hybrid ANC (up to 49dB) (ASIN: B0DHHDW7FV)
