2026-05-09 08:56:25,847 - INFO - Logging is configured. Log file: logs/amazon_api_20260509_085625.log
2026-05-09 08:56:25,847 - INFO - All CSV files initialized.
2026-05-09 08:56:25,848 - INFO - Starting product data check...
2026-05-09 08:56:30,046 - INFO - Saved to product_data: boAt Nirvana Zenith Pro (2025) at 2699.0 INR, Rating: 3.9, Reviews: 1530
2026-05-09 08:56:30,064 - INFO - Saved to product_details: Boat Nirvana Zenith Pro, 50dB Hybrid Adaptive ANC, Spatial Audio, Hi-Res Audio LDAC, 6Mics AI-ENx, 80 Hrs Battery, Bluetooth Earbuds, TWS Ear Buds Wireless Earphones with mic (Platinum Gold)
2026-05-09 08:56:30,067 - INFO - Saved 0 new reviews for ASIN B0DXPL5XHF.
2026-05-09 08:56:34,482 - INFO - Saved to product_data: Noise Air Clips Wireless Open Ear Earbuds with Chrome Finish at 2499.0 INR, Rating: 3.3, Reviews: 3434
2026-05-09 08:56:34,499 - INFO - Saved to product_details: Noise Air Clips Wireless Open Ear Earbuds with Chrome Finish, AirWave™ Technology,Up-to 40H Playtime, Dual Device Pairing, Quad Mic with ENC,12mm Driver,BTv5.4 (Pearl Black)
2026-05-09 08:56:34,502 - INFO - Saved 1 new reviews for ASIN B0DGV56J6G.
2026-05-09 08:56:41,525 - INFO - Saved to product_data: boAt Nirvana Ion ANC Pro at None INR, Rating: 4.2, Reviews: 453
2026-05-09 08:56:41,544 - INFO - Saved to product_details: Boat Nirvana Ion ANC Pro, Hi-Res Audio LDAC,ANC(~32dB), 120Hrs Battery, App Support, Fast Charge, v5.3 Bluetooth TWS in Ear Earbuds Wireless Earphones with mic (Blazing Comet)
2026-05-09 08:56:41,546 - INFO - Saved 0 new reviews for ASIN 	B0DN171184.
2026-05-09 08:56:46,798 - INFO - Saved to product_data: Noise Newly Launched Air Buds Pro 6 at None INR, Rating: 3.9, Reviews: 264
2026-05-09 08:56:46,816 - INFO - Saved to product_details: Noise Newly Launched Air Buds Pro 6 in Ear Truly Wireless Earbuds with Hybrid ANC (up to 49dB), LHDC with 12.4mm Titanium Driver, 50H of Playtime, Google Fast Pair, BT v5.3(Slate Black)
2026-05-09 08:56:46,819 - INFO - Saved 0 new reviews for ASIN B0DHH96NBB.
2026-05-09 08:56:51,860 - INFO - Saved to product_data: boAt Nirvana Ivy at 1799.0 INR, Rating: 3.8, Reviews: 1285
2026-05-09 08:56:51,878 - INFO - Saved to product_details: Boat Nirvana Ivy, 50dB Hybrid Active Noise Cancellation, 360º Spatial Audio,Fast Charge,App Support, v5.3 Bluetooth Earbuds, TWS Ear Buds Wireless Earphones with mic (Gunmetal Black)
2026-05-09 08:56:51,881 - INFO - Saved 0 new reviews for ASIN 	B0DBHD2F5R.
2026-05-09 08:56:57,054 - INFO - Saved to product_data: Noise Newly Launched Air Clips 2 at 1999.0 INR, Rating: 3.0, Reviews: 434
2026-05-09 08:56:57,072 - INFO - Saved to product_details: Noise Newly Launched Air Clips 2 Wireless Open Ear Earbuds with Clip Design, AirWave™ Technology,Up-to 40H Playtime, Dual Device Pairing, ENC,12mm Driver,BTv5.3 (Frost Black)
2026-05-09 08:56:57,075 - INFO - Saved 0 new reviews for ASIN 	B0F673HNLP.
2026-05-09 08:57:02,504 - INFO - Saved to product_data: boAt Nirvana X TWS (2025) at 1999.0 INR, Rating: 4.0, Reviews: 445
2026-05-09 08:57:02,523 - INFO - Saved to product_details: Boat Nirvana X TWS,Knowles Dual Drivers, Hi-Res Audio LDAC, App Support,4Mic ENx,Dual Pair,Spatial Audio,Fast Charge, Bluetooth Earbuds, TWS Ear Buds Wireless Earphones with mic (Cosmic Onyx)
2026-05-09 08:57:02,525 - INFO - Saved 2 new reviews for ASIN B0DQKY3R84.
2026-05-09 08:57:07,180 - INFO - Saved to product_data: Noise Newly Launched Air Buds 6 at None INR, Rating: 3.9, Reviews: 3750
2026-05-09 08:57:07,202 - INFO - Saved to product_details: Noise Newly Launched Air Buds 6 in-Ear Bluetooth TWS - AI Enabled Smartbuds, ANC (up to 32db), Personalised App, in-Ear Detection, Voice Control, Google Fast Pair, BT v5.3(Pebble Grey)
2026-05-09 08:57:07,205 - INFO - Saved 0 new reviews for ASIN B0DGV55W2K.
2026-05-09 08:57:11,787 - INFO - Saved to product_data: Noise Newly Launched Air Buds Pro 6 in Ear Truly Wireless Earbuds with Hybrid ANC (up to 49dB) at None INR, Rating: 3.9, Reviews: 264
2026-05-09 08:57:11,805 - INFO - Saved to product_details: Noise Newly Launched Air Buds Pro 6 in Ear Truly Wireless Earbuds with Hybrid ANC (up to 49dB), LHDC with 12.4mm Titanium Driver, 50H of Playtime, Google Fast Pair, BT v5.3(Petal Pink)
2026-05-09 08:57:11,808 - INFO - Saved 0 new reviews for ASIN B0DHHDW7FV.
