2026-01-21 14:54:12,458 - INFO - Logging is configured. Log file: logs/amazon_api_20260121_145412.log
2026-01-21 14:54:12,459 - INFO - All CSV files initialized.
2026-01-21 14:54:12,459 - INFO - Starting product data check...
2026-01-21 14:54:16,162 - INFO - Saved to product_data: boAt Nirvana Zenith Pro (2025) at 2698.0 INR, Rating: 4.0, Reviews: 1216
2026-01-21 14:54:16,171 - INFO - Saved to product_details: boAt Nirvana Zenith Pro(2025),50dB Hybrid Adaptive ANC,Spatial Audio, Hi-Res Audio LDAC,6Mics AI-ENx,80 Hrs Battery,Bluetooth,TWS Ear Buds Wireless Earphones with mic,NoiseCancellation(Platinum Gold)
2026-01-21 14:54:16,173 - INFO - Saved 1 new reviews for ASIN B0DXPL5XHF.
2026-01-21 14:54:20,161 - INFO - Saved to product_data: Noise Air Clips Wireless Open Ear Earbuds with Chrome Finish at 2499.0 INR, Rating: 3.4, Reviews: 2953
2026-01-21 14:54:20,171 - INFO - Saved to product_details: Noise Air Clips Wireless Open Ear Earbuds with Chrome Finish, AirWave™ Technology,Up-to 40H Playtime, Dual Device Pairing, Quad Mic with ENC,12mm Driver,BTv5.4 (Pearl Black)
2026-01-21 14:54:20,173 - INFO - Saved 2 new reviews for ASIN B0DGV56J6G.
2026-01-21 14:54:24,039 - INFO - Saved to product_data: boAt Nirvana Ion ANC Pro at 1999.0 INR, Rating: 4.0, Reviews: 20980
2026-01-21 14:54:24,048 - INFO - Saved to product_details: boAt Nirvana Ion ANC Pro, Hi-Res Audio LDAC,ANC(~32dB), 120Hrs Battery, App Support, Fast Charge, v5.3 Bluetooth TWS in Ear Earbuds Wireless Earphones with mic (Blazing Comet)
2026-01-21 14:54:24,050 - INFO - Saved 0 new reviews for ASIN 	B0DN171184.
2026-01-21 14:54:27,419 - INFO - Saved to product_data: Noise Newly Launched Air Buds Pro 6 at 2499.0 INR, Rating: 3.6, Reviews: 215
2026-01-21 14:54:27,428 - INFO - Saved to product_details: Noise Newly Launched Air Buds Pro 6 in Ear Truly Wireless Earbuds with Hybrid ANC (up to 49dB), LHDC with 12.4mm Titanium Driver, 50H of Playtime, Google Fast Pair, BT v5.3(Slate Black)
2026-01-21 14:54:27,430 - INFO - Saved 0 new reviews for ASIN B0DHH96NBB.
2026-01-21 14:54:30,879 - INFO - Saved to product_data: boAt Nirvana Ivy at 1799.0 INR, Rating: 3.8, Reviews: 965
2026-01-21 14:54:30,888 - INFO - Saved to product_details: boAt Nirvana Ivy, 50dB Hybrid Active Noise Cancellation, 360º Spatial Audio,Fast Charge,App Support, v5.3 Bluetooth Earbuds, TWS Ear Buds Wireless Earphones with mic (Gunmetal Black)
2026-01-21 14:54:30,890 - INFO - Saved 0 new reviews for ASIN 	B0DBHD2F5R.
2026-01-21 14:54:34,583 - INFO - Saved to product_data: Noise Newly Launched Air Clips 2 at 2999.0 INR, Rating: 3.1, Reviews: 298
2026-01-21 14:54:34,593 - INFO - Saved to product_details: Noise Newly Launched Air Clips 2 Wireless Open Ear Earbuds with Clip Design, AirWave™ Technology,Up-to 40H Playtime, Dual Device Pairing, ENC,12mm Driver,BTv5.3 (Frost Black)
2026-01-21 14:54:34,595 - INFO - Saved 0 new reviews for ASIN 	B0F673HNLP.
2026-01-21 14:54:38,475 - INFO - Saved to product_data: boAt Nirvana X TWS (2025) at 1999.0 INR, Rating: 3.9, Reviews: 877
2026-01-21 14:54:38,484 - INFO - Saved to product_details: boAt Nirvana X TWS (2025),Knowles Dual Drivers,Hi-Res Audio LDAC,App Support,4Mic ENx,Dual Pair,Spatial Audio,Fast Charge, Bluetooth Earbuds, TWS Ear Buds Wireless Earphones with mic (Cosmic Onyx)
2026-01-21 14:54:38,486 - INFO - Saved 0 new reviews for ASIN B0DQKY3R84.
2026-01-21 14:54:42,055 - INFO - Saved to product_data: Noise Newly Launched Air Buds 6 at 1999.0 INR, Rating: 3.9, Reviews: 3564
2026-01-21 14:54:42,066 - INFO - Saved to product_details: Noise Newly Launched Air Buds 6 in-Ear Bluetooth TWS - AI Enabled Smartbuds, ANC (up to 32db), Personalised App, in-Ear Detection, Voice Control, Google Fast Pair, BT v5.3(Pebble Grey)
2026-01-21 14:54:42,068 - INFO - Saved 0 new reviews for ASIN B0DGV55W2K.
2026-01-21 14:54:45,122 - INFO - Saved to product_data: Noise Newly Launched Air Buds Pro 6 in Ear Truly Wireless Earbuds with Hybrid ANC (up to 49dB) at 2499.0 INR, Rating: 3.6, Reviews: 215
2026-01-21 14:54:45,132 - INFO - Saved to product_details: Noise Newly Launched Air Buds Pro 6 in Ear Truly Wireless Earbuds with Hybrid ANC (up to 49dB), LHDC with 12.4mm Titanium Driver, 50H of Playtime, Google Fast Pair, BT v5.3(Petal Pink)
2026-01-21 14:54:45,134 - INFO - Saved 0 new reviews for ASIN B0DHHDW7FV.
