2026-02-04 15:05:38,542 - INFO - Logging is configured. Log file: logs/amazon_api_20260204_150538.log
2026-02-04 15:05:38,542 - INFO - All CSV files initialized.
2026-02-04 15:05:38,542 - INFO - Starting product data check...
2026-02-04 15:05:42,181 - INFO - Saved to product_data: boAt Nirvana Zenith Pro (2025) at 2899.0 INR, Rating: 4.0, Reviews: 1284
2026-02-04 15:05:42,192 - INFO - Saved to product_details: Boat Nirvana Zenith Pro(2025),50dB Hybrid Adaptive ANC,Spatial Audio, Hi-Res Audio LDAC,6Mics AI-ENx,80 Hrs Battery,Bluetooth,TWS Ear Buds Wireless Earphones with mic,NoiseCancellation(Platinum Gold)
2026-02-04 15:05:42,194 - INFO - Saved 1 new reviews for ASIN B0DXPL5XHF.
2026-02-04 15:05:45,905 - INFO - Saved to product_data: Noise Air Clips Wireless Open Ear Earbuds with Chrome Finish at 1999.0 INR, Rating: 3.4, Reviews: 3013
2026-02-04 15:05:45,916 - INFO - Saved to product_details: Noise Air Clips Wireless Open Ear Earbuds with Chrome Finish, AirWave™ Technology,Up-to 40H Playtime, Dual Device Pairing, Quad Mic with ENC,12mm Driver,BTv5.4 (Pearl Black)
2026-02-04 15:05:45,918 - INFO - Saved 1 new reviews for ASIN B0DGV56J6G.
2026-02-04 15:05:50,149 - INFO - Saved to product_data: boAt Nirvana Ion ANC Pro at 2199.0 INR, Rating: 4.0, Reviews: 21249
2026-02-04 15:05:50,160 - INFO - Saved to product_details: Boat Nirvana Ion ANC Pro, Hi-Res Audio LDAC,ANC(~32dB), 120Hrs Battery, App Support, Fast Charge, v5.3 Bluetooth TWS in Ear Earbuds Wireless Earphones with mic (Blazing Comet)
2026-02-04 15:05:50,163 - INFO - Saved 1 new reviews for ASIN 	B0DN171184.
2026-02-04 15:05:53,232 - INFO - Saved to product_data: Noise Newly Launched Air Buds Pro 6 at 3499.0 INR, Rating: 3.6, Reviews: 223
2026-02-04 15:05:53,243 - INFO - Saved to product_details: Noise Newly Launched Air Buds Pro 6 in Ear Truly Wireless Earbuds with Hybrid ANC (up to 49dB), LHDC with 12.4mm Titanium Driver, 50H of Playtime, Google Fast Pair, BT v5.3(Slate Black)
2026-02-04 15:05:53,245 - INFO - Saved 0 new reviews for ASIN B0DHH96NBB.
2026-02-04 15:05:56,590 - INFO - Saved to product_data: boAt Nirvana Ivy at 2099.0 INR, Rating: 3.8, Reviews: 1005
2026-02-04 15:05:56,601 - INFO - Saved to product_details: Boat Nirvana Ivy, 50dB Hybrid Active Noise Cancellation, 360º Spatial Audio,Fast Charge,App Support, v5.3 Bluetooth Earbuds, TWS Ear Buds Wireless Earphones with mic (Gunmetal Black)
2026-02-04 15:05:56,604 - INFO - Saved 2 new reviews for ASIN 	B0DBHD2F5R.
2026-02-04 15:05:59,486 - INFO - Saved to product_data: Noise Newly Launched Air Clips 2 at 2499.0 INR, Rating: 3.0, Reviews: 306
2026-02-04 15:05:59,498 - INFO - Saved to product_details: Noise Newly Launched Air Clips 2 Wireless Open Ear Earbuds with Clip Design, AirWave™ Technology,Up-to 40H Playtime, Dual Device Pairing, ENC,12mm Driver,BTv5.3 (Frost Black)
2026-02-04 15:05:59,500 - INFO - Saved 0 new reviews for ASIN 	B0F673HNLP.
2026-02-04 15:06:03,446 - INFO - Saved to product_data: boAt Nirvana X TWS (2025) at 2499.0 INR, Rating: 3.9, Reviews: 882
2026-02-04 15:06:03,457 - INFO - Saved to product_details: Boat Nirvana X TWS (2025),Knowles Dual Drivers,Hi-Res Audio LDAC,App Support,4Mic ENx,Dual Pair,Spatial Audio,Fast Charge, Bluetooth Earbuds, TWS Ear Buds Wireless Earphones with mic (Cosmic Onyx)
2026-02-04 15:06:03,459 - INFO - Saved 0 new reviews for ASIN B0DQKY3R84.
2026-02-04 15:06:07,259 - INFO - Saved to product_data: Noise Newly Launched Air Buds 6 at 2999.0 INR, Rating: 3.9, Reviews: 3586
2026-02-04 15:06:07,270 - INFO - Saved to product_details: Noise Newly Launched Air Buds 6 in-Ear Bluetooth TWS - AI Enabled Smartbuds, ANC (up to 32db), Personalised App, in-Ear Detection, Voice Control, Google Fast Pair, BT v5.3(Pebble Grey)
2026-02-04 15:06:07,272 - INFO - Saved 0 new reviews for ASIN B0DGV55W2K.
2026-02-04 15:06:10,955 - INFO - Saved to product_data: Noise Newly Launched Air Buds Pro 6 in Ear Truly Wireless Earbuds with Hybrid ANC (up to 49dB) at 3499.0 INR, Rating: 3.6, Reviews: 223
2026-02-04 15:06:10,966 - INFO - Saved to product_details: Noise Newly Launched Air Buds Pro 6 in Ear Truly Wireless Earbuds with Hybrid ANC (up to 49dB), LHDC with 12.4mm Titanium Driver, 50H of Playtime, Google Fast Pair, BT v5.3(Petal Pink)
2026-02-04 15:06:10,968 - INFO - Saved 0 new reviews for ASIN B0DHHDW7FV.
