2026-03-04 15:01:01,104 - INFO - Logging is configured. Log file: logs/amazon_api_20260304_150101.log
2026-03-04 15:01:01,104 - INFO - All CSV files initialized.
2026-03-04 15:01:01,104 - INFO - Starting product data check...
2026-03-04 15:01:04,728 - INFO - Saved to product_data: boAt Nirvana Zenith Pro (2025) at 2999.0 INR, Rating: 4.0, Reviews: 1440
2026-03-04 15:01:04,743 - INFO - Saved to product_details: Boat Nirvana Zenith Pro(2025),50dB Hybrid Adaptive ANC,Spatial Audio, Hi-Res Audio LDAC,6Mics AI-ENx,80 Hrs Battery,Bluetooth,TWS Ear Buds Wireless Earphones with mic,NoiseCancellation(Platinum Gold)
2026-03-04 15:01:04,745 - INFO - Saved 2 new reviews for ASIN B0DXPL5XHF.
2026-03-04 15:01:08,312 - INFO - Saved to product_data: Noise Air Clips Wireless Open Ear Earbuds with Chrome Finish at 1999.0 INR, Rating: 3.4, Reviews: 3111
2026-03-04 15:01:08,326 - INFO - Saved to product_details: Noise Air Clips Wireless Open Ear Earbuds with Chrome Finish, AirWave™ Technology,Up-to 40H Playtime, Dual Device Pairing, Quad Mic with ENC,12mm Driver,BTv5.4 (Pearl Black)
2026-03-04 15:01:08,329 - INFO - Saved 1 new reviews for ASIN B0DGV56J6G.
2026-03-04 15:01:12,338 - INFO - Saved to product_data: boAt Nirvana Ion ANC Pro at None INR, Rating: 4.0, Reviews: 21891
2026-03-04 15:01:12,353 - INFO - Saved to product_details: Boat Nirvana Ion ANC Pro, Hi-Res Audio LDAC,ANC(~32dB), 120Hrs Battery, App Support, Fast Charge, v5.3 Bluetooth TWS in Ear Earbuds Wireless Earphones with mic (Blazing Comet)
2026-03-04 15:01:12,355 - INFO - Saved 0 new reviews for ASIN 	B0DN171184.
2026-03-04 15:01:16,261 - INFO - Saved to product_data: Noise Newly Launched Air Buds Pro 6 at None INR, Rating: 3.7, Reviews: 250
2026-03-04 15:01:16,276 - INFO - Saved to product_details: Noise Newly Launched Air Buds Pro 6 in Ear Truly Wireless Earbuds with Hybrid ANC (up to 49dB), LHDC with 12.4mm Titanium Driver, 50H of Playtime, Google Fast Pair, BT v5.3(Slate Black)
2026-03-04 15:01:16,278 - INFO - Saved 0 new reviews for ASIN B0DHH96NBB.
2026-03-04 15:01:19,987 - INFO - Saved to product_data: boAt Nirvana Ivy at 2704.0 INR, Rating: 3.8, Reviews: 1088
2026-03-04 15:01:20,001 - INFO - Saved to product_details: Boat Nirvana Ivy, 50dB Hybrid Active Noise Cancellation, 360º Spatial Audio,Fast Charge,App Support, v5.3 Bluetooth Earbuds, TWS Ear Buds Wireless Earphones with mic (Gunmetal Black)
2026-03-04 15:01:20,004 - INFO - Saved 2 new reviews for ASIN 	B0DBHD2F5R.
2026-03-04 15:01:23,381 - INFO - Saved to product_data: Noise Newly Launched Air Clips 2 at 2499.0 INR, Rating: 3.0, Reviews: 347
2026-03-04 15:01:23,396 - INFO - Saved to product_details: Noise Newly Launched Air Clips 2 Wireless Open Ear Earbuds with Clip Design, AirWave™ Technology,Up-to 40H Playtime, Dual Device Pairing, ENC,12mm Driver,BTv5.3 (Frost Black)
2026-03-04 15:01:23,400 - INFO - Saved 1 new reviews for ASIN 	B0F673HNLP.
2026-03-04 15:01:27,114 - INFO - Saved to product_data: boAt Nirvana X TWS (2025) at 1599.0 INR, Rating: 3.9, Reviews: 901
2026-03-04 15:01:27,130 - INFO - Saved to product_details: Boat Nirvana X TWS (2025),Knowles Dual Drivers,Hi-Res Audio LDAC,App Support,4Mic ENx,Dual Pair,Spatial Audio,Fast Charge, Bluetooth Earbuds, TWS Ear Buds Wireless Earphones with mic (Cosmic Onyx)
2026-03-04 15:01:27,132 - INFO - Saved 0 new reviews for ASIN B0DQKY3R84.
2026-03-04 15:01:30,929 - INFO - Saved to product_data: Noise Newly Launched Air Buds 6 at 2999.0 INR, Rating: 3.9, Reviews: 3646
2026-03-04 15:01:30,946 - INFO - Saved to product_details: Noise Newly Launched Air Buds 6 in-Ear Bluetooth TWS - AI Enabled Smartbuds, ANC (up to 32db), Personalised App, in-Ear Detection, Voice Control, Google Fast Pair, BT v5.3(Pebble Grey)
2026-03-04 15:01:30,948 - INFO - Saved 1 new reviews for ASIN B0DGV55W2K.
2026-03-04 15:01:34,425 - INFO - Saved to product_data: Noise Newly Launched Air Buds Pro 6 in Ear Truly Wireless Earbuds with Hybrid ANC (up to 49dB) at 2799.0 INR, Rating: 3.7, Reviews: 250
2026-03-04 15:01:34,440 - INFO - Saved to product_details: Noise Newly Launched Air Buds Pro 6 in Ear Truly Wireless Earbuds with Hybrid ANC (up to 49dB), LHDC with 12.4mm Titanium Driver, 50H of Playtime, Google Fast Pair, BT v5.3(Petal Pink)
2026-03-04 15:01:34,442 - INFO - Saved 0 new reviews for ASIN B0DHHDW7FV.
