2026-09-12 11:40:20,084 - INFO - Logging is configured. Log file: logs/amazon_api_20260912_114020.log
2026-09-12 11:40:20,084 - INFO - All CSV files initialized.
2026-09-12 11:40:20,084 - INFO - Starting product data check...
2026-09-12 11:40:25,675 - INFO - Saved to product_data: boAt Nirvana Zenith Pro (2025) at 3199.0 INR, Rating: 3.9, Reviews: 1828
2026-09-12 11:40:25,708 - INFO - Saved to product_details: boAt Nirvana Zenith Pro, 50dB Hybrid Adaptive ANC, Spatial Audio, Hi-Res Audio LDAC, 6Mics AI-ENx, 80 Hrs Battery, Bluetooth Earbuds, TWS Ear Buds Wireless Earphones with mic (Platinum Gold)
2026-09-12 11:40:25,712 - INFO - Saved 0 new reviews for ASIN B0DXPL5XHF.
2026-09-12 11:40:31,589 - INFO - Saved to product_data: Noise Air Clips Wireless Open Ear Earbuds with Chrome Finish at 2599.0 INR, Rating: 3.2, Reviews: 3869
2026-09-12 11:40:31,621 - INFO - Saved to product_details: Noise Air Clips Wireless Open Ear Earbuds with Chrome Finish, AirWave™ Technology,Up-to 40H Playtime, Dual Device Pairing, Quad Mic with ENC,12mm Driver,BTv5.4 (Pearl Black)
2026-09-12 11:40:31,625 - INFO - Saved 0 new reviews for ASIN B0DGV56J6G.
2026-09-12 11:40:36,812 - INFO - Saved to product_data: boAt Nirvana Ion ANC Pro at None INR, Rating: 4.1, Reviews: 516
2026-09-12 11:40:36,844 - INFO - Saved to product_details: boAt Nirvana Ion ANC Pro, Hi-Res Audio LDAC, Active Noise Cancellation(~32dB), 120Hrs Battery, App Support, Fast Charge, v5.3 Bluetooth Earbuds,TWS Ear Buds Wireless Earphones with mic (Blazing Comet)
2026-09-12 11:40:36,848 - INFO - Saved 0 new reviews for ASIN 	B0DN171184.
2026-09-12 11:40:47,309 - ERROR - API Error for ASIN B0DHH96NBB: 404 - {"status":"ERROR","request_id":"29927318-880e-49f4-8a17-27e2b67bca23","error":{"message":"Product not found","code":404}}
2026-09-12 11:40:47,310 - WARNING - No data found for Noise Newly Launched Air Buds Pro 6 (ASIN: B0DHH96NBB)
2026-09-12 11:40:52,313 - INFO - Saved to product_data: boAt Nirvana Ivy at 2299.0 INR, Rating: 3.7, Reviews: 1846
2026-09-12 11:40:52,346 - INFO - Saved to product_details: boAt Nirvana Ivy, 50dB Hybrid Active Noise Cancellation, 360º Spatial Audio,Fast Charge,App Support, v5.3 Bluetooth Earbuds, TWS Ear Buds Wireless Earphones with mic (Gunmetal Black)
2026-09-12 11:40:52,350 - INFO - Saved 2 new reviews for ASIN 	B0DBHD2F5R.
2026-09-12 11:40:57,518 - INFO - Saved to product_data: Noise Newly Launched Air Clips 2 at 2999.0 INR, Rating: 2.7, Reviews: 627
2026-09-12 11:40:57,551 - INFO - Saved to product_details: Noise Newly Launched Air Clips 2 Wireless Open Ear Earbuds with Clip Design, AirWave™ Technology,Up-to 40H Playtime, Dual Device Pairing, ENC,12mm Driver,BTv5.3 (Frost Black)
2026-09-12 11:40:57,555 - INFO - Saved 0 new reviews for ASIN 	B0F673HNLP.
2026-09-12 11:41:03,254 - INFO - Saved to product_data: boAt Nirvana X TWS (2025) at 1999.0 INR, Rating: 3.9, Reviews: 757
2026-09-12 11:41:03,286 - INFO - Saved to product_details: boAt Nirvana X TWS,Knowles Dual Drivers, Hi-Res Audio LDAC, App Support,4Mic ENx,Dual Pair,Spatial Audio,Fast Charge, Bluetooth Earbuds, TWS Ear Buds Wireless Earphones with mic (Cosmic Onyx)
2026-09-12 11:41:03,291 - INFO - Saved 3 new reviews for ASIN B0DQKY3R84.
2026-09-12 11:41:18,508 - ERROR - No product data found in API response for ASIN B0DGV55W2K.
2026-09-12 11:41:18,508 - ERROR - No product details found in API response for ASIN B0DGV55W2K.
2026-09-12 11:41:18,508 - INFO - No reviews found for ASIN B0DGV55W2K.
2026-09-12 11:41:29,140 - ERROR - API Error for ASIN B0DHHDW7FV: 404 - {"status":"ERROR","request_id":"fefb6fbd-0968-4117-8939-226c26e29906","error":{"message":"Product not found","code":404}}
2026-09-12 11:41:29,141 - WARNING - No data found for Noise Newly Launched Air Buds Pro 6 in Ear Truly Wireless Earbuds with Hybrid ANC (up to 49dB) (ASIN: B0DHHDW7FV)
