2026-07-25 09:16:24,379 - INFO - Logging is configured. Log file: logs/amazon_api_20260725_091624.log
2026-07-25 09:16:24,380 - INFO - All CSV files initialized.
2026-07-25 09:16:24,380 - INFO - Starting product data check...
2026-07-25 09:16:28,176 - INFO - Saved to product_data: boAt Nirvana Zenith Pro (2025) at 3199.0 INR, Rating: 3.9, Reviews: 1736
2026-07-25 09:16:28,206 - INFO - Saved to product_details: boAt Nirvana Zenith Pro, 50dB Hybrid Adaptive ANC, Spatial Audio, Hi-Res Audio LDAC, 6Mics AI-ENx, 80 Hrs Battery, Bluetooth Earbuds, TWS Ear Buds Wireless Earphones with mic (Platinum Gold)
2026-07-25 09:16:28,210 - INFO - Saved 1 new reviews for ASIN B0DXPL5XHF.
2026-07-25 09:16:32,239 - INFO - Saved to product_data: Noise Air Clips Wireless Open Ear Earbuds with Chrome Finish at 2299.0 INR, Rating: 3.3, Reviews: 3915
2026-07-25 09:16:32,269 - INFO - Saved to product_details: Noise Air Clips Wireless Open Ear Earbuds with Chrome Finish, AirWave™ Technology,Up-to 40H Playtime, Dual Device Pairing, Quad Mic with ENC,12mm Driver,BTv5.4 (Pearl Black)
2026-07-25 09:16:32,273 - INFO - Saved 2 new reviews for ASIN B0DGV56J6G.
2026-07-25 09:16:36,245 - INFO - Saved to product_data: boAt Nirvana Ion ANC Pro at None INR, Rating: 4.0, Reviews: 513
2026-07-25 09:16:36,275 - INFO - Saved to product_details: boAt Nirvana Ion ANC Pro, Hi-Res Audio LDAC, Active Noise Cancellation(~32dB), 120Hrs Battery, App Support, Fast Charge, v5.3 Bluetooth Earbuds,TWS Ear Buds Wireless Earphones with mic (Blazing Comet)
2026-07-25 09:16:36,275 - INFO - No reviews found for ASIN 	B0DN171184.
2026-07-25 09:16:43,618 - ERROR - No product data found in API response for ASIN B0DHH96NBB.
2026-07-25 09:16:43,618 - ERROR - No product details found in API response for ASIN B0DHH96NBB.
2026-07-25 09:16:43,618 - INFO - No reviews found for ASIN B0DHH96NBB.
2026-07-25 09:16:48,133 - INFO - Saved to product_data: boAt Nirvana Ivy at None INR, Rating: 3.8, Reviews: 1512
2026-07-25 09:16:48,163 - INFO - Saved to product_details: boAt Nirvana Ivy, 50dB Hybrid Active Noise Cancellation, 360º Spatial Audio,Fast Charge,App Support, v5.3 Bluetooth Earbuds, TWS Ear Buds Wireless Earphones with mic (Gunmetal Black)
2026-07-25 09:16:48,163 - INFO - No reviews found for ASIN 	B0DBHD2F5R.
2026-07-25 09:16:52,543 - INFO - Saved to product_data: Noise Newly Launched Air Clips 2 at None INR, Rating: 2.8, Reviews: 561
2026-07-25 09:16:52,573 - INFO - Saved to product_details: Noise Newly Launched Air Clips 2 Wireless Open Ear Earbuds with Clip Design, AirWave™ Technology,Up-to 40H Playtime, Dual Device Pairing, ENC,12mm Driver,BTv5.3 (Frost Black)
2026-07-25 09:16:52,573 - INFO - No reviews found for ASIN 	B0F673HNLP.
2026-07-25 09:16:58,307 - INFO - Saved to product_data: boAt Nirvana X TWS (2025) at 1999.0 INR, Rating: 3.9, Reviews: 650
2026-07-25 09:16:58,337 - INFO - Saved to product_details: boAt Nirvana X TWS,Knowles Dual Drivers, Hi-Res Audio LDAC, App Support,4Mic ENx,Dual Pair,Spatial Audio,Fast Charge, Bluetooth Earbuds, TWS Ear Buds Wireless Earphones with mic (Cosmic Onyx)
2026-07-25 09:16:58,341 - INFO - Saved 0 new reviews for ASIN B0DQKY3R84.
2026-07-25 09:17:03,775 - ERROR - No product data found in API response for ASIN B0DGV55W2K.
2026-07-25 09:17:03,775 - ERROR - No product details found in API response for ASIN B0DGV55W2K.
2026-07-25 09:17:03,775 - INFO - No reviews found for ASIN B0DGV55W2K.
2026-07-25 09:17:09,299 - ERROR - No product data found in API response for ASIN B0DHHDW7FV.
2026-07-25 09:17:09,299 - ERROR - No product details found in API response for ASIN B0DHHDW7FV.
2026-07-25 09:17:09,300 - INFO - No reviews found for ASIN B0DHHDW7FV.
